-- Logs begin at Tue 2017-09-12 00:53:43 MSK, end at Sat 2018-01-06 18:30:53 MSK. --
янв 06 11:56:31 archlinux kernel: microcode: microcode updated early to revision 0x29, date = 2013-06-12
янв 06 11:56:31 archlinux kernel: Linux version 4.14.11-1-zen (builduser@heftig-18488) (gcc version 7.2.1 20171224 (GCC)) #1 ZEN SMP PREEMPT Wed Jan 3 07:02:02 UTC 2018
янв 06 11:56:31 archlinux kernel: Command line: BOOT_IMAGE=/vmlinuz-linux-zen root=UUID=883c37fb-17d0-4e49-ae9e-863894509157 rw quiet sysrq_always_enabled=1 elevator=deadline video=vesa:off vga=normal nvidia-drm.modeset=1
янв 06 11:56:31 archlinux kernel: x86/fpu: Supporting XSAVE feature 0x001: 'x87 floating point registers'
янв 06 11:56:31 archlinux kernel: x86/fpu: Supporting XSAVE feature 0x002: 'SSE registers'
янв 06 11:56:31 archlinux kernel: x86/fpu: Supporting XSAVE feature 0x004: 'AVX registers'
янв 06 11:56:31 archlinux kernel: x86/fpu: xstate_offset[2]:  576, xstate_sizes[2]:  256
янв 06 11:56:31 archlinux kernel: x86/fpu: Enabled xstate features 0x7, context size is 832 bytes, using 'standard' format.
янв 06 11:56:31 archlinux kernel: e820: BIOS-provided physical RAM map:
янв 06 11:56:31 archlinux kernel: BIOS-e820: [mem 0x0000000000000000-0x000000000009ffff] usable
янв 06 11:56:31 archlinux kernel: BIOS-e820: [mem 0x0000000000100000-0x00000000df41cfff] usable
янв 06 11:56:31 archlinux kernel: BIOS-e820: [mem 0x00000000df41d000-0x00000000df474fff] ACPI NVS
янв 06 11:56:31 archlinux kernel: BIOS-e820: [mem 0x00000000df475000-0x00000000df5a7fff] reserved
янв 06 11:56:31 archlinux kernel: BIOS-e820: [mem 0x00000000df5a8000-0x00000000df5b8fff] ACPI NVS
янв 06 11:56:31 archlinux kernel: BIOS-e820: [mem 0x00000000df5b9000-0x00000000df5c9fff] reserved
янв 06 11:56:31 archlinux kernel: BIOS-e820: [mem 0x00000000df5ca000-0x00000000df5cafff] type 20
янв 06 11:56:31 archlinux kernel: BIOS-e820: [mem 0x00000000df5cb000-0x00000000df5ccfff] reserved
янв 06 11:56:31 archlinux kernel: BIOS-e820: [mem 0x00000000df5cd000-0x00000000df5cefff] usable
янв 06 11:56:31 archlinux kernel: BIOS-e820: [mem 0x00000000df5cf000-0x00000000df5cffff] ACPI data
янв 06 11:56:31 archlinux kernel: BIOS-e820: [mem 0x00000000df5d0000-0x00000000df5d0fff] reserved
янв 06 11:56:31 archlinux kernel: BIOS-e820: [mem 0x00000000df5d1000-0x00000000df5d7fff] type 20
янв 06 11:56:31 archlinux kernel: BIOS-e820: [mem 0x00000000df5d8000-0x00000000df5e1fff] ACPI NVS
янв 06 11:56:31 archlinux kernel: BIOS-e820: [mem 0x00000000df5e2000-0x00000000df5eefff] type 20
янв 06 11:56:31 archlinux kernel: BIOS-e820: [mem 0x00000000df5ef000-0x00000000df62ffff] reserved
янв 06 11:56:31 archlinux kernel: BIOS-e820: [mem 0x00000000df630000-0x00000000df63afff] type 20
янв 06 11:56:31 archlinux kernel: BIOS-e820: [mem 0x00000000df63b000-0x00000000df63dfff] reserved
янв 06 11:56:31 archlinux kernel: BIOS-e820: [mem 0x00000000df63e000-0x00000000df680fff] ACPI NVS
янв 06 11:56:31 archlinux kernel: BIOS-e820: [mem 0x00000000df681000-0x00000000df7fffff] usable
янв 06 11:56:31 archlinux kernel: BIOS-e820: [mem 0x00000000fed1c000-0x00000000fed1ffff] reserved
янв 06 11:56:31 archlinux kernel: BIOS-e820: [mem 0x00000000ff000000-0x00000000ffffffff] reserved
янв 06 11:56:31 archlinux kernel: BIOS-e820: [mem 0x0000000100000000-0x000000021f7fffff] usable
янв 06 11:56:31 archlinux kernel: NX (Execute Disable) protection: active
янв 06 11:56:31 archlinux kernel: efi: EFI v2.00 by American Megatrends
янв 06 11:56:31 archlinux kernel: efi:  SMBIOS=0xdf63ca18  ACPI=0xdf46c000  ACPI 2.0=0xdf46c000  MPS=0xfcaf0 
янв 06 11:56:31 archlinux kernel: random: fast init done
янв 06 11:56:31 archlinux kernel: SMBIOS 2.6 present.
янв 06 11:56:31 archlinux kernel: DMI: System manufacturer System Product Name/P8P67 LE, BIOS 1011 04/08/2011
янв 06 11:56:31 archlinux kernel: tsc: Fast TSC calibration using PIT
янв 06 11:56:31 archlinux kernel: e820: update [mem 0x00000000-0x00000fff] usable ==> reserved
янв 06 11:56:31 archlinux kernel: e820: remove [mem 0x000a0000-0x000fffff] usable
янв 06 11:56:31 archlinux kernel: e820: last_pfn = 0x21f800 max_arch_pfn = 0x400000000
янв 06 11:56:31 archlinux kernel: MTRR default type: uncachable
янв 06 11:56:31 archlinux kernel: MTRR fixed ranges enabled:
янв 06 11:56:31 archlinux kernel:   00000-9FFFF write-back
янв 06 11:56:31 archlinux kernel:   A0000-BFFFF uncachable
янв 06 11:56:31 archlinux kernel:   C0000-D7FFF write-protect
янв 06 11:56:31 archlinux kernel:   D8000-DFFFF uncachable
янв 06 11:56:31 archlinux kernel:   E0000-E7FFF write-through
янв 06 11:56:31 archlinux kernel:   E8000-FFFFF write-protect
янв 06 11:56:31 archlinux kernel: MTRR variable ranges enabled:
янв 06 11:56:31 archlinux kernel:   0 base 000000000 mask E00000000 write-back
янв 06 11:56:31 archlinux kernel:   1 base 200000000 mask FE0000000 write-back
янв 06 11:56:31 archlinux kernel:   2 base 0E0000000 mask FE0000000 uncachable
янв 06 11:56:31 archlinux kernel:   3 base 21F800000 mask FFF800000 uncachable
янв 06 11:56:31 archlinux kernel:   4 disabled
янв 06 11:56:31 archlinux kernel:   5 disabled
янв 06 11:56:31 archlinux kernel:   6 disabled
янв 06 11:56:31 archlinux kernel:   7 disabled
янв 06 11:56:31 archlinux kernel:   8 disabled
янв 06 11:56:31 archlinux kernel:   9 disabled
янв 06 11:56:31 archlinux kernel: x86/PAT: Configuration [0-7]: WB  WC  UC- UC  WB  WP  UC- WT  
янв 06 11:56:31 archlinux kernel: e820: update [mem 0xe0000000-0xffffffff] usable ==> reserved
янв 06 11:56:31 archlinux kernel: e820: last_pfn = 0xdf800 max_arch_pfn = 0x400000000
янв 06 11:56:31 archlinux kernel: found SMP MP-table at [mem 0x000fceb0-0x000fcebf] mapped at [ffffffffff240eb0]
янв 06 11:56:31 archlinux kernel: Scanning 1 areas for low memory corruption
янв 06 11:56:31 archlinux kernel: Base memory trampoline at [ffff96a8c0098000] 98000 size 24576
янв 06 11:56:31 archlinux kernel: BRK [0x0b637000, 0x0b637fff] PGTABLE
янв 06 11:56:31 archlinux kernel: BRK [0x0b638000, 0x0b638fff] PGTABLE
янв 06 11:56:31 archlinux kernel: BRK [0x0b639000, 0x0b639fff] PGTABLE
янв 06 11:56:31 archlinux kernel: BRK [0x0b63a000, 0x0b63afff] PGTABLE
янв 06 11:56:31 archlinux kernel: BRK [0x0b63b000, 0x0b63bfff] PGTABLE
янв 06 11:56:31 archlinux kernel: BRK [0x0b63c000, 0x0b63cfff] PGTABLE
янв 06 11:56:31 archlinux kernel: BRK [0x0b63d000, 0x0b63dfff] PGTABLE
янв 06 11:56:31 archlinux kernel: BRK [0x0b63e000, 0x0b63efff] PGTABLE
янв 06 11:56:31 archlinux kernel: BRK [0x0b63f000, 0x0b63ffff] PGTABLE
янв 06 11:56:31 archlinux kernel: BRK [0x0b640000, 0x0b640fff] PGTABLE
янв 06 11:56:31 archlinux kernel: Secure boot could not be determined
янв 06 11:56:31 archlinux kernel: RAMDISK: [mem 0x3655d000-0x372a5fff]
янв 06 11:56:31 archlinux kernel: ACPI: Early table checksum verification disabled
янв 06 11:56:31 archlinux kernel: ACPI: RSDP 0x00000000DF46C000 000024 (v02 ALASKA)
янв 06 11:56:31 archlinux kernel: ACPI: XSDT 0x00000000DF46C068 00004C (v01 ALASKA A M I    01072009 AMI  00010013)
янв 06 11:56:31 archlinux kernel: ACPI: FACP 0x00000000DF473DF8 0000F4 (v04 ALASKA A M I    01072009 AMI  00010013)
янв 06 11:56:31 archlinux kernel: ACPI: DSDT 0x00000000DF46C140 007CB7 (v02 ALASKA A M I    00000000 INTL 20051117)
янв 06 11:56:31 archlinux kernel: ACPI: FACS 0x00000000DF5D9F80 000040
янв 06 11:56:31 archlinux kernel: ACPI: APIC 0x00000000DF473EF0 000092 (v03 ALASKA A M I    01072009 AMI  00010013)
янв 06 11:56:31 archlinux kernel: ACPI: SSDT 0x00000000DF473F88 0001D6 (v01 AMICPU PROC     00000001 MSFT 03000001)
янв 06 11:56:31 archlinux kernel: ACPI: MCFG 0x00000000DF474160 00003C (v01 ALASKA A M I    01072009 MSFT 00000097)
янв 06 11:56:31 archlinux kernel: ACPI: HPET 0x00000000DF4741A0 000038 (v01 ALASKA A M I    01072009 AMI. 00000004)
янв 06 11:56:31 archlinux kernel: ACPI: Local APIC address 0xfee00000
янв 06 11:56:31 archlinux kernel: No NUMA configuration found
янв 06 11:56:31 archlinux kernel: Faking a node at [mem 0x0000000000000000-0x000000021f7fffff]
янв 06 11:56:31 archlinux kernel: NODE_DATA(0) allocated [mem 0x21f7f8000-0x21f7fbfff]
янв 06 11:56:31 archlinux kernel: Zone ranges:
янв 06 11:56:31 archlinux kernel:   DMA      [mem 0x0000000000001000-0x0000000000ffffff]
янв 06 11:56:31 archlinux kernel:   DMA32    [mem 0x0000000001000000-0x00000000ffffffff]
янв 06 11:56:31 archlinux kernel:   Normal   [mem 0x0000000100000000-0x000000021f7fffff]
янв 06 11:56:31 archlinux kernel:   Device   empty
янв 06 11:56:31 archlinux kernel: Movable zone start for each node
янв 06 11:56:31 archlinux kernel: Early memory node ranges
янв 06 11:56:31 archlinux kernel:   node   0: [mem 0x0000000000001000-0x000000000009ffff]
янв 06 11:56:31 archlinux kernel:   node   0: [mem 0x0000000000100000-0x00000000df41cfff]
янв 06 11:56:31 archlinux kernel:   node   0: [mem 0x00000000df5cd000-0x00000000df5cefff]
янв 06 11:56:31 archlinux kernel:   node   0: [mem 0x00000000df681000-0x00000000df7fffff]
янв 06 11:56:31 archlinux kernel:   node   0: [mem 0x0000000100000000-0x000000021f7fffff]
янв 06 11:56:31 archlinux kernel: Initmem setup node 0 [mem 0x0000000000001000-0x000000021f7fffff]
янв 06 11:56:31 archlinux kernel: On node 0 totalpages: 2092349
янв 06 11:56:31 archlinux kernel:   DMA zone: 64 pages used for memmap
янв 06 11:56:31 archlinux kernel:   DMA zone: 42 pages reserved
янв 06 11:56:31 archlinux kernel:   DMA zone: 3999 pages, LIFO batch:0
янв 06 11:56:31 archlinux kernel:   DMA32 zone: 14231 pages used for memmap
янв 06 11:56:31 archlinux kernel:   DMA32 zone: 910750 pages, LIFO batch:31
янв 06 11:56:31 archlinux kernel:   Normal zone: 18400 pages used for memmap
янв 06 11:56:31 archlinux kernel:   Normal zone: 1177600 pages, LIFO batch:31
янв 06 11:56:31 archlinux kernel: ACPI: PM-Timer IO Port: 0x408
янв 06 11:56:31 archlinux kernel: ACPI: Local APIC address 0xfee00000
янв 06 11:56:31 archlinux kernel: ACPI: LAPIC_NMI (acpi_id[0xff] high edge lint[0x1])
янв 06 11:56:31 archlinux kernel: IOAPIC[0]: apic_id 0, version 32, address 0xfec00000, GSI 0-23
янв 06 11:56:31 archlinux kernel: ACPI: INT_SRC_OVR (bus 0 bus_irq 0 global_irq 2 dfl dfl)
янв 06 11:56:31 archlinux kernel: ACPI: INT_SRC_OVR (bus 0 bus_irq 9 global_irq 9 high level)
янв 06 11:56:31 archlinux kernel: ACPI: IRQ0 used by override.
янв 06 11:56:31 archlinux kernel: ACPI: IRQ9 used by override.
янв 06 11:56:31 archlinux kernel: Using ACPI (MADT) for SMP configuration information
янв 06 11:56:31 archlinux kernel: ACPI: HPET id: 0x8086a701 base: 0xfed00000
янв 06 11:56:31 archlinux kernel: smpboot: Allowing 8 CPUs, 0 hotplug CPUs
янв 06 11:56:31 archlinux kernel: PM: Registered nosave memory: [mem 0x00000000-0x00000fff]
янв 06 11:56:31 archlinux kernel: PM: Registered nosave memory: [mem 0x000a0000-0x000fffff]
янв 06 11:56:31 archlinux kernel: PM: Registered nosave memory: [mem 0xdf41d000-0xdf474fff]
янв 06 11:56:31 archlinux kernel: PM: Registered nosave memory: [mem 0xdf475000-0xdf5a7fff]
янв 06 11:56:31 archlinux kernel: PM: Registered nosave memory: [mem 0xdf5a8000-0xdf5b8fff]
янв 06 11:56:31 archlinux kernel: PM: Registered nosave memory: [mem 0xdf5b9000-0xdf5c9fff]
янв 06 11:56:31 archlinux kernel: PM: Registered nosave memory: [mem 0xdf5ca000-0xdf5cafff]
янв 06 11:56:31 archlinux kernel: PM: Registered nosave memory: [mem 0xdf5cb000-0xdf5ccfff]
янв 06 11:56:31 archlinux kernel: PM: Registered nosave memory: [mem 0xdf5cf000-0xdf5cffff]
янв 06 11:56:31 archlinux kernel: PM: Registered nosave memory: [mem 0xdf5d0000-0xdf5d0fff]
янв 06 11:56:31 archlinux kernel: PM: Registered nosave memory: [mem 0xdf5d1000-0xdf5d7fff]
янв 06 11:56:31 archlinux kernel: PM: Registered nosave memory: [mem 0xdf5d8000-0xdf5e1fff]
янв 06 11:56:31 archlinux kernel: PM: Registered nosave memory: [mem 0xdf5e2000-0xdf5eefff]
янв 06 11:56:31 archlinux kernel: PM: Registered nosave memory: [mem 0xdf5ef000-0xdf62ffff]
янв 06 11:56:31 archlinux kernel: PM: Registered nosave memory: [mem 0xdf630000-0xdf63afff]
янв 06 11:56:31 archlinux kernel: PM: Registered nosave memory: [mem 0xdf63b000-0xdf63dfff]
янв 06 11:56:31 archlinux kernel: PM: Registered nosave memory: [mem 0xdf63e000-0xdf680fff]
янв 06 11:56:31 archlinux kernel: PM: Registered nosave memory: [mem 0xdf800000-0xfed1bfff]
янв 06 11:56:31 archlinux kernel: PM: Registered nosave memory: [mem 0xfed1c000-0xfed1ffff]
янв 06 11:56:31 archlinux kernel: PM: Registered nosave memory: [mem 0xfed20000-0xfeffffff]
янв 06 11:56:31 archlinux kernel: PM: Registered nosave memory: [mem 0xff000000-0xffffffff]
янв 06 11:56:31 archlinux kernel: e820: [mem 0xdf800000-0xfed1bfff] available for PCI devices
янв 06 11:56:31 archlinux kernel: Booting paravirtualized kernel on bare hardware
янв 06 11:56:31 archlinux kernel: clocksource: refined-jiffies: mask: 0xffffffff max_cycles: 0xffffffff, max_idle_ns: 6370452778343963 ns
янв 06 11:56:31 archlinux kernel: setup_percpu: NR_CPUS:128 nr_cpumask_bits:128 nr_cpu_ids:8 nr_node_ids:1
янв 06 11:56:31 archlinux kernel: percpu: Embedded 43 pages/cpu @ffff96aadf400000 s137880 r8192 d30056 u262144
янв 06 11:56:31 archlinux kernel: pcpu-alloc: s137880 r8192 d30056 u262144 alloc=1*2097152
янв 06 11:56:31 archlinux kernel: pcpu-alloc: [0] 0 1 2 3 4 5 6 7 
янв 06 11:56:31 archlinux kernel: Built 1 zonelists, mobility grouping on.  Total pages: 2059612
янв 06 11:56:31 archlinux kernel: Policy zone: Normal
янв 06 11:56:31 archlinux kernel: Kernel command line: BOOT_IMAGE=/vmlinuz-linux-zen root=UUID=883c37fb-17d0-4e49-ae9e-863894509157 rw quiet sysrq_always_enabled=1 elevator=deadline video=vesa:off vga=normal nvidia-drm.modeset=1
янв 06 11:56:31 archlinux kernel: sysrq: sysrq always enabled.
янв 06 11:56:31 archlinux kernel: PID hash table entries: 4096 (order: 3, 32768 bytes)
янв 06 11:56:31 archlinux kernel: Calgary: detecting Calgary via BIOS EBDA area
янв 06 11:56:31 archlinux kernel: Calgary: Unable to locate Rio Grande table in EBDA - bailing!
янв 06 11:56:31 archlinux kernel: Memory: 8090072K/8369396K available (10252K kernel code, 1163K rwdata, 2804K rodata, 1360K init, 992K bss, 279324K reserved, 0K cma-reserved)
янв 06 11:56:31 archlinux kernel: SLUB: HWalign=64, Order=0-3, MinObjects=0, CPUs=8, Nodes=1
янв 06 11:56:31 archlinux kernel: Kernel/User page tables isolation: enabled
янв 06 11:56:31 archlinux kernel: ftrace: allocating 29382 entries in 115 pages
янв 06 11:56:31 archlinux kernel: Preemptible hierarchical RCU implementation.
янв 06 11:56:31 archlinux kernel:         RCU restricting CPUs from NR_CPUS=128 to nr_cpu_ids=8.
янв 06 11:56:31 archlinux kernel:         Tasks RCU enabled.
янв 06 11:56:31 archlinux kernel: RCU: Adjusting geometry for rcu_fanout_leaf=16, nr_cpu_ids=8
янв 06 11:56:31 archlinux kernel: NR_IRQS: 8448, nr_irqs: 488, preallocated irqs: 16
янв 06 11:56:31 archlinux kernel: Console: colour dummy device 80x25
янв 06 11:56:31 archlinux kernel: console [tty0] enabled
янв 06 11:56:31 archlinux kernel: clocksource: hpet: mask: 0xffffffff max_cycles: 0xffffffff, max_idle_ns: 133484882848 ns
янв 06 11:56:31 archlinux kernel: hpet clockevent registered
янв 06 11:56:31 archlinux kernel: tsc: Fast TSC calibration using PIT
янв 06 11:56:31 archlinux kernel: tsc: Detected 3502.874 MHz processor
янв 06 11:56:31 archlinux kernel: Calibrating delay loop (skipped), value calculated using timer frequency.. 7008.65 BogoMIPS (lpj=11676246)
янв 06 11:56:31 archlinux kernel: pid_max: default: 32768 minimum: 301
янв 06 11:56:31 archlinux kernel: ACPI: Core revision 20170728
янв 06 11:56:31 archlinux kernel: ACPI: 2 ACPI AML tables successfully acquired and loaded
янв 06 11:56:31 archlinux kernel: Security Framework initialized
янв 06 11:56:31 archlinux kernel: Yama: becoming mindful.
янв 06 11:56:31 archlinux kernel: Dentry cache hash table entries: 1048576 (order: 11, 8388608 bytes)
янв 06 11:56:31 archlinux kernel: Inode-cache hash table entries: 524288 (order: 10, 4194304 bytes)
янв 06 11:56:31 archlinux kernel: Mount-cache hash table entries: 16384 (order: 5, 131072 bytes)
янв 06 11:56:31 archlinux kernel: Mountpoint-cache hash table entries: 16384 (order: 5, 131072 bytes)
янв 06 11:56:31 archlinux kernel: CPU: Physical Processor ID: 0
янв 06 11:56:31 archlinux kernel: CPU: Processor Core ID: 0
янв 06 11:56:31 archlinux kernel: ENERGY_PERF_BIAS: Set to 'normal', was 'performance'
янв 06 11:56:31 archlinux kernel: ENERGY_PERF_BIAS: View and update with x86_energy_perf_policy(8)
янв 06 11:56:31 archlinux kernel: mce: CPU supports 9 MCE banks
янв 06 11:56:31 archlinux kernel: CPU0: Thermal monitoring enabled (TM1)
янв 06 11:56:31 archlinux kernel: process: using mwait in idle threads
янв 06 11:56:31 archlinux kernel: Last level iTLB entries: 4KB 512, 2MB 8, 4MB 8
янв 06 11:56:31 archlinux kernel: Last level dTLB entries: 4KB 512, 2MB 32, 4MB 32, 1GB 0
янв 06 11:56:31 archlinux kernel: Freeing SMP alternatives memory: 24K
янв 06 11:56:31 archlinux kernel: smpboot: Max logical packages: 2
янв 06 11:56:31 archlinux kernel: x2apic: IRQ remapping doesn't support X2APIC mode
янв 06 11:56:31 archlinux kernel: ..TIMER: vector=0x30 apic1=0 pin1=2 apic2=-1 pin2=-1
янв 06 11:56:31 archlinux kernel: TSC deadline timer enabled
янв 06 11:56:31 archlinux kernel: smpboot: CPU0: Intel(R) Core(TM) i7-2600 CPU @ 3.40GHz (family: 0x6, model: 0x2a, stepping: 0x7)
янв 06 11:56:31 archlinux kernel: Performance Events: PEBS fmt1+, SandyBridge events, 16-deep LBR, full-width counters, Intel PMU driver.
янв 06 11:56:31 archlinux kernel: ... version:                3
янв 06 11:56:31 archlinux kernel: ... bit width:              48
янв 06 11:56:31 archlinux kernel: ... generic registers:      4
янв 06 11:56:31 archlinux kernel: ... value mask:             0000ffffffffffff
янв 06 11:56:31 archlinux kernel: ... max period:             00007fffffffffff
янв 06 11:56:31 archlinux kernel: ... fixed-purpose events:   3
янв 06 11:56:31 archlinux kernel: ... event mask:             000000070000000f
янв 06 11:56:31 archlinux kernel: Hierarchical SRCU implementation.
янв 06 11:56:31 archlinux kernel: NMI watchdog: Enabled. Permanently consumes one hw-PMU counter.
янв 06 11:56:31 archlinux kernel: smp: Bringing up secondary CPUs ...
янв 06 11:56:31 archlinux kernel: x86: Booting SMP configuration:
янв 06 11:56:31 archlinux kernel: .... node  #0, CPUs:      #1 #2 #3 #4 #5 #6 #7
янв 06 11:56:31 archlinux kernel: smp: Brought up 1 node, 8 CPUs
янв 06 11:56:31 archlinux kernel: smpboot: Total of 8 processors activated (56068.23 BogoMIPS)
янв 06 11:56:31 archlinux kernel: devtmpfs: initialized
янв 06 11:56:31 archlinux kernel: x86/mm: Memory block size: 128MB
янв 06 11:56:31 archlinux kernel: PM: Registering ACPI NVS region [mem 0xdf41d000-0xdf474fff] (360448 bytes)
янв 06 11:56:31 archlinux kernel: PM: Registering ACPI NVS region [mem 0xdf5a8000-0xdf5b8fff] (69632 bytes)
янв 06 11:56:31 archlinux kernel: PM: Registering ACPI NVS region [mem 0xdf5d8000-0xdf5e1fff] (40960 bytes)
янв 06 11:56:31 archlinux kernel: PM: Registering ACPI NVS region [mem 0xdf63e000-0xdf680fff] (274432 bytes)
янв 06 11:56:31 archlinux kernel: clocksource: jiffies: mask: 0xffffffff max_cycles: 0xffffffff, max_idle_ns: 6370867519511994 ns
янв 06 11:56:31 archlinux kernel: futex hash table entries: 2048 (order: 5, 131072 bytes)
янв 06 11:56:31 archlinux kernel: pinctrl core: initialized pinctrl subsystem
янв 06 11:56:31 archlinux kernel: RTC time:  8:56:27, date: 01/06/18
янв 06 11:56:31 archlinux kernel: NET: Registered protocol family 16
янв 06 11:56:31 archlinux kernel: cpuidle: using governor ladder
янв 06 11:56:31 archlinux kernel: cpuidle: using governor menu
янв 06 11:56:31 archlinux kernel: ACPI: bus type PCI registered
янв 06 11:56:31 archlinux kernel: acpiphp: ACPI Hot Plug PCI Controller Driver version: 0.5
янв 06 11:56:31 archlinux kernel: PCI: MMCONFIG for domain 0000 [bus 00-3f] at [mem 0xe0000000-0xe3ffffff] (base 0xe0000000)
янв 06 11:56:31 archlinux kernel: PCI: not using MMCONFIG
янв 06 11:56:31 archlinux kernel: PCI: Using configuration type 1 for base access
янв 06 11:56:31 archlinux kernel: core: PMU erratum BJ122, BV98, HSD29 worked around, HT is on
янв 06 11:56:31 archlinux kernel: HugeTLB registered 2.00 MiB page size, pre-allocated 0 pages
янв 06 11:56:31 archlinux kernel: ACPI: Added _OSI(Module Device)
янв 06 11:56:31 archlinux kernel: ACPI: Added _OSI(Processor Device)
янв 06 11:56:31 archlinux kernel: ACPI: Added _OSI(3.0 _SCP Extensions)
янв 06 11:56:31 archlinux kernel: ACPI: Added _OSI(Processor Aggregator Device)
янв 06 11:56:31 archlinux kernel: ACPI: Executed 1 blocks of module-level executable AML code
янв 06 11:56:31 archlinux kernel: ACPI: Dynamic OEM Table Load:
янв 06 11:56:31 archlinux kernel: ACPI: SSDT 0xFFFF96AAD5524800 0006F4 (v01 AMI    IST      00000001 MSFT 03000001)
янв 06 11:56:31 archlinux kernel: ACPI: Dynamic OEM Table Load:
янв 06 11:56:31 archlinux kernel: ACPI: SSDT 0xFFFF96AAD571EA00 0000E4 (v01 AMI    CST      00000001 MSFT 03000001)
янв 06 11:56:31 archlinux kernel: ACPI: EC: EC started
янв 06 11:56:31 archlinux kernel: ACPI: EC: interrupt blocked
янв 06 11:56:31 archlinux kernel: ACPI: \_SB_.PCI0.SBRG.EC0_: Used as first EC
янв 06 11:56:31 archlinux kernel: ACPI: \_SB_.PCI0.SBRG.EC0_: GPE=0x18, EC_CMD/EC_SC=0x66, EC_DATA=0x62
янв 06 11:56:31 archlinux kernel: ACPI: \_SB_.PCI0.SBRG.EC0_: Used as boot DSDT EC to handle transactions
янв 06 11:56:31 archlinux kernel: ACPI: Interpreter enabled
янв 06 11:56:31 archlinux kernel: ACPI: (supports S0 S1 S3 S4 S5)
янв 06 11:56:31 archlinux kernel: ACPI: Using IOAPIC for interrupt routing
янв 06 11:56:31 archlinux kernel: PCI: MMCONFIG for domain 0000 [bus 00-3f] at [mem 0xe0000000-0xe3ffffff] (base 0xe0000000)
янв 06 11:56:31 archlinux kernel: PCI: MMCONFIG at [mem 0xe0000000-0xe3ffffff] reserved in ACPI motherboard resources
янв 06 11:56:31 archlinux kernel: pmd_set_huge: Cannot satisfy [mem 0xe0000000-0xe0200000] with a huge-page mapping due to MTRR override.
янв 06 11:56:31 archlinux kernel: PCI: Using host bridge windows from ACPI; if necessary, use "pci=nocrs" and report a bug
янв 06 11:56:31 archlinux kernel: ACPI: Enabled 6 GPEs in block 00 to 3F
янв 06 11:56:31 archlinux kernel: ACPI: [Firmware Bug]: BIOS _OSI(Linux) query ignored
янв 06 11:56:31 archlinux kernel: ACPI: PCI Root Bridge [PCI0] (domain 0000 [bus 00-ff])
янв 06 11:56:31 archlinux kernel: acpi PNP0A08:00: _OSC: OS supports [ExtendedConfig ASPM ClockPM Segments MSI]
янв 06 11:56:31 archlinux kernel: acpi PNP0A08:00: _OSC: platform does not support [PCIeHotplug]
янв 06 11:56:31 archlinux kernel: acpi PNP0A08:00: _OSC: OS now controls [PME AER PCIeCapability]
янв 06 11:56:31 archlinux kernel: acpi PNP0A08:00: [Firmware Info]: MMCONFIG for domain 0000 [bus 00-3f] only partially covers this bridge
янв 06 11:56:31 archlinux kernel: PCI host bridge to bus 0000:00
янв 06 11:56:31 archlinux kernel: pci_bus 0000:00: root bus resource [io  0x0000-0x0cf7 window]
янв 06 11:56:31 archlinux kernel: pci_bus 0000:00: root bus resource [io  0x0d00-0xffff window]
янв 06 11:56:31 archlinux kernel: pci_bus 0000:00: root bus resource [mem 0x000a0000-0x000bffff window]
янв 06 11:56:31 archlinux kernel: pci_bus 0000:00: root bus resource [mem 0x000c8000-0x000dffff window]
янв 06 11:56:31 archlinux kernel: pci_bus 0000:00: root bus resource [mem 0xe4000000-0xffffffff window]
янв 06 11:56:31 archlinux kernel: pci_bus 0000:00: root bus resource [bus 00-ff]
янв 06 11:56:31 archlinux kernel: pci 0000:00:00.0: [8086:0100] type 00 class 0x060000
янв 06 11:56:31 archlinux kernel: pci 0000:00:01.0: [8086:0101] type 01 class 0x060400
янв 06 11:56:31 archlinux kernel: pci 0000:00:01.0: PME# supported from D0 D3hot D3cold
янв 06 11:56:31 archlinux kernel: pci 0000:00:16.0: [8086:1c3a] type 00 class 0x078000
янв 06 11:56:31 archlinux kernel: pci 0000:00:16.0: reg 0x10: [mem 0xfa507000-0xfa50700f 64bit]
янв 06 11:56:31 archlinux kernel: pci 0000:00:16.0: PME# supported from D0 D3hot D3cold
янв 06 11:56:31 archlinux kernel: pci 0000:00:1a.0: [8086:1c2d] type 00 class 0x0c0320
янв 06 11:56:31 archlinux kernel: pci 0000:00:1a.0: reg 0x10: [mem 0xfa506000-0xfa5063ff]
янв 06 11:56:31 archlinux kernel: pci 0000:00:1a.0: PME# supported from D0 D3hot D3cold
янв 06 11:56:31 archlinux kernel: pci 0000:00:1b.0: [8086:1c20] type 00 class 0x040300
янв 06 11:56:31 archlinux kernel: pci 0000:00:1b.0: reg 0x10: [mem 0xfa500000-0xfa503fff 64bit]
янв 06 11:56:31 archlinux kernel: pci 0000:00:1b.0: PME# supported from D0 D3hot D3cold
янв 06 11:56:31 archlinux kernel: pci 0000:00:1c.0: [8086:1c10] type 01 class 0x060400
янв 06 11:56:31 archlinux kernel: pci 0000:00:1c.0: PME# supported from D0 D3hot D3cold
янв 06 11:56:31 archlinux kernel: pci 0000:00:1c.2: [8086:1c14] type 01 class 0x060400
янв 06 11:56:31 archlinux kernel: pci 0000:00:1c.2: PME# supported from D0 D3hot D3cold
янв 06 11:56:31 archlinux kernel: pci 0000:00:1c.3: [8086:1c16] type 01 class 0x060400
янв 06 11:56:31 archlinux kernel: pci 0000:00:1c.3: PME# supported from D0 D3hot D3cold
янв 06 11:56:31 archlinux kernel: pci 0000:00:1c.4: [8086:244e] type 01 class 0x060401
янв 06 11:56:31 archlinux kernel: pci 0000:00:1c.4: PME# supported from D0 D3hot D3cold
янв 06 11:56:31 archlinux kernel: pci 0000:00:1c.5: [8086:1c1a] type 01 class 0x060400
янв 06 11:56:31 archlinux kernel: pci 0000:00:1c.5: PME# supported from D0 D3hot D3cold
янв 06 11:56:31 archlinux kernel: pci 0000:00:1c.6: [8086:1c1c] type 01 class 0x060400
янв 06 11:56:31 archlinux kernel: pci 0000:00:1c.6: PME# supported from D0 D3hot D3cold
янв 06 11:56:31 archlinux kernel: pci 0000:00:1c.7: [8086:1c1e] type 01 class 0x060400
янв 06 11:56:31 archlinux kernel: pci 0000:00:1c.7: PME# supported from D0 D3hot D3cold
янв 06 11:56:31 archlinux kernel: pci 0000:00:1d.0: [8086:1c26] type 00 class 0x0c0320
янв 06 11:56:31 archlinux kernel: pci 0000:00:1d.0: reg 0x10: [mem 0xfa505000-0xfa5053ff]
янв 06 11:56:31 archlinux kernel: pci 0000:00:1d.0: PME# supported from D0 D3hot D3cold
янв 06 11:56:31 archlinux kernel: pci 0000:00:1f.0: [8086:1c46] type 00 class 0x060100
янв 06 11:56:31 archlinux kernel: pci 0000:00:1f.2: [8086:1c00] type 00 class 0x01018f
янв 06 11:56:31 archlinux kernel: pci 0000:00:1f.2: reg 0x10: [io  0xf0d0-0xf0d7]
янв 06 11:56:31 archlinux kernel: pci 0000:00:1f.2: reg 0x14: [io  0xf0c0-0xf0c3]
янв 06 11:56:31 archlinux kernel: pci 0000:00:1f.2: reg 0x18: [io  0xf0b0-0xf0b7]
янв 06 11:56:31 archlinux kernel: pci 0000:00:1f.2: reg 0x1c: [io  0xf0a0-0xf0a3]
янв 06 11:56:31 archlinux kernel: pci 0000:00:1f.2: reg 0x20: [io  0xf090-0xf09f]
янв 06 11:56:31 archlinux kernel: pci 0000:00:1f.2: reg 0x24: [io  0xf080-0xf08f]
янв 06 11:56:31 archlinux kernel: pci 0000:00:1f.3: [8086:1c22] type 00 class 0x0c0500
янв 06 11:56:31 archlinux kernel: pci 0000:00:1f.3: reg 0x10: [mem 0xfa504000-0xfa5040ff 64bit]
янв 06 11:56:31 archlinux kernel: pci 0000:00:1f.3: reg 0x20: [io  0xf000-0xf01f]
янв 06 11:56:31 archlinux kernel: pci 0000:00:1f.5: [8086:1c08] type 00 class 0x010185
янв 06 11:56:31 archlinux kernel: pci 0000:00:1f.5: reg 0x10: [io  0xf070-0xf077]
янв 06 11:56:31 archlinux kernel: pci 0000:00:1f.5: reg 0x14: [io  0xf060-0xf063]
янв 06 11:56:31 archlinux kernel: pci 0000:00:1f.5: reg 0x18: [io  0xf050-0xf057]
янв 06 11:56:31 archlinux kernel: pci 0000:00:1f.5: reg 0x1c: [io  0xf040-0xf043]
янв 06 11:56:31 archlinux kernel: pci 0000:00:1f.5: reg 0x20: [io  0xf030-0xf03f]
янв 06 11:56:31 archlinux kernel: pci 0000:00:1f.5: reg 0x24: [io  0xf020-0xf02f]
янв 06 11:56:31 archlinux kernel: pci 0000:01:00.0: [10de:1200] type 00 class 0x030000
янв 06 11:56:31 archlinux kernel: pci 0000:01:00.0: reg 0x10: [mem 0xf8000000-0xf9ffffff]
янв 06 11:56:31 archlinux kernel: pci 0000:01:00.0: reg 0x14: [mem 0xe8000000-0xefffffff 64bit pref]
янв 06 11:56:31 archlinux kernel: pci 0000:01:00.0: reg 0x1c: [mem 0xf0000000-0xf3ffffff 64bit pref]
янв 06 11:56:31 archlinux kernel: pci 0000:01:00.0: reg 0x24: [io  0xe000-0xe07f]
янв 06 11:56:31 archlinux kernel: pci 0000:01:00.0: reg 0x30: [mem 0xfa000000-0xfa07ffff pref]
янв 06 11:56:31 archlinux kernel: pci 0000:01:00.0: enabling Extended Tags
янв 06 11:56:31 archlinux kernel: pci 0000:01:00.0: BAR 3: assigned to efifb
янв 06 11:56:31 archlinux kernel: pci 0000:01:00.1: [10de:0e0c] type 00 class 0x040300
янв 06 11:56:31 archlinux kernel: pci 0000:01:00.1: reg 0x10: [mem 0xfa080000-0xfa083fff]
янв 06 11:56:31 archlinux kernel: pci 0000:01:00.1: enabling Extended Tags
янв 06 11:56:31 archlinux kernel: pci 0000:00:01.0: PCI bridge to [bus 01]
янв 06 11:56:31 archlinux kernel: pci 0000:00:01.0:   bridge window [io  0xe000-0xefff]
янв 06 11:56:31 archlinux kernel: pci 0000:00:01.0:   bridge window [mem 0xf8000000-0xfa0fffff]
янв 06 11:56:31 archlinux kernel: pci 0000:00:01.0:   bridge window [mem 0xe8000000-0xf3ffffff 64bit pref]
янв 06 11:56:31 archlinux kernel: pci 0000:00:1c.0: PCI bridge to [bus 02]
янв 06 11:56:31 archlinux kernel: pci 0000:03:00.0: [1814:5592] type 00 class 0x028000
янв 06 11:56:31 archlinux kernel: pci 0000:03:00.0: reg 0x10: [mem 0xfa400000-0xfa40ffff]
янв 06 11:56:31 archlinux kernel: pci 0000:00:1c.2: PCI bridge to [bus 03]
янв 06 11:56:31 archlinux kernel: pci 0000:00:1c.2:   bridge window [mem 0xfa400000-0xfa4fffff]
янв 06 11:56:31 archlinux kernel: pci 0000:00:1c.3: PCI bridge to [bus 04]
янв 06 11:56:31 archlinux kernel: pci 0000:05:00.0: [1b21:1080] type 01 class 0x060401
янв 06 11:56:31 archlinux kernel: pci 0000:00:1c.4: PCI bridge to [bus 05-06] (subtractive decode)
янв 06 11:56:31 archlinux kernel: pci 0000:00:1c.4:   bridge window [io  0xd000-0xdfff]
янв 06 11:56:31 archlinux kernel: pci 0000:00:1c.4:   bridge window [mem 0xfa300000-0xfa3fffff]
янв 06 11:56:31 archlinux kernel: pci 0000:00:1c.4:   bridge window [io  0x0000-0x0cf7 window] (subtractive decode)
янв 06 11:56:31 archlinux kernel: pci 0000:00:1c.4:   bridge window [io  0x0d00-0xffff window] (subtractive decode)
янв 06 11:56:31 archlinux kernel: pci 0000:00:1c.4:   bridge window [mem 0x000a0000-0x000bffff window] (subtractive decode)
янв 06 11:56:31 archlinux kernel: pci 0000:00:1c.4:   bridge window [mem 0x000c8000-0x000dffff window] (subtractive decode)
янв 06 11:56:31 archlinux kernel: pci 0000:00:1c.4:   bridge window [mem 0xe4000000-0xffffffff window] (subtractive decode)
янв 06 11:56:31 archlinux kernel: pci 0000:06:03.0: [1106:3044] type 00 class 0x0c0010
янв 06 11:56:31 archlinux kernel: pci 0000:06:03.0: reg 0x10: [mem 0xfa300000-0xfa3007ff]
янв 06 11:56:31 archlinux kernel: pci 0000:06:03.0: reg 0x14: [io  0xd000-0xd07f]
янв 06 11:56:31 archlinux kernel: pci 0000:06:03.0: supports D2
янв 06 11:56:31 archlinux kernel: pci 0000:06:03.0: PME# supported from D2 D3hot D3cold
янв 06 11:56:31 archlinux kernel: pci 0000:05:00.0: PCI bridge to [bus 06] (subtractive decode)
янв 06 11:56:31 archlinux kernel: pci 0000:05:00.0:   bridge window [io  0xd000-0xdfff]
янв 06 11:56:31 archlinux kernel: pci 0000:05:00.0:   bridge window [mem 0xfa300000-0xfa3fffff]
янв 06 11:56:31 archlinux kernel: pci 0000:05:00.0:   bridge window [io  0xd000-0xdfff] (subtractive decode)
янв 06 11:56:31 archlinux kernel: pci 0000:05:00.0:   bridge window [mem 0xfa300000-0xfa3fffff] (subtractive decode)
янв 06 11:56:31 archlinux kernel: pci 0000:05:00.0:   bridge window [io  0x0000-0x0cf7 window] (subtractive decode)
янв 06 11:56:31 archlinux kernel: pci 0000:05:00.0:   bridge window [io  0x0d00-0xffff window] (subtractive decode)
янв 06 11:56:31 archlinux kernel: pci 0000:05:00.0:   bridge window [mem 0x000a0000-0x000bffff window] (subtractive decode)
янв 06 11:56:31 archlinux kernel: pci 0000:05:00.0:   bridge window [mem 0x000c8000-0x000dffff window] (subtractive decode)
янв 06 11:56:31 archlinux kernel: pci 0000:05:00.0:   bridge window [mem 0xe4000000-0xffffffff window] (subtractive decode)
янв 06 11:56:31 archlinux kernel: pci 0000:07:00.0: [10ec:8168] type 00 class 0x020000
янв 06 11:56:31 archlinux kernel: pci 0000:07:00.0: reg 0x10: [io  0xc000-0xc0ff]
янв 06 11:56:31 archlinux kernel: pci 0000:07:00.0: reg 0x18: [mem 0xf4104000-0xf4104fff 64bit pref]
янв 06 11:56:31 archlinux kernel: pci 0000:07:00.0: reg 0x20: [mem 0xf4100000-0xf4103fff 64bit pref]
янв 06 11:56:31 archlinux kernel: pci 0000:07:00.0: supports D1 D2
янв 06 11:56:31 archlinux kernel: pci 0000:07:00.0: PME# supported from D0 D1 D2 D3hot D3cold
янв 06 11:56:31 archlinux kernel: pci 0000:00:1c.5: PCI bridge to [bus 07]
янв 06 11:56:31 archlinux kernel: pci 0000:00:1c.5:   bridge window [io  0xc000-0xcfff]
янв 06 11:56:31 archlinux kernel: pci 0000:00:1c.5:   bridge window [mem 0xf4100000-0xf41fffff 64bit pref]
янв 06 11:56:31 archlinux kernel: pci 0000:08:00.0: [1b4b:91a0] type 00 class 0x01018f
янв 06 11:56:31 archlinux kernel: pci 0000:08:00.0: reg 0x10: [io  0xb090-0xb097]
янв 06 11:56:31 archlinux kernel: pci 0000:08:00.0: reg 0x14: [io  0xb080-0xb083]
янв 06 11:56:31 archlinux kernel: pci 0000:08:00.0: reg 0x18: [io  0xb070-0xb077]
янв 06 11:56:31 archlinux kernel: pci 0000:08:00.0: reg 0x1c: [io  0xb060-0xb063]
янв 06 11:56:31 archlinux kernel: pci 0000:08:00.0: reg 0x20: [io  0xb050-0xb05f]
янв 06 11:56:31 archlinux kernel: pci 0000:08:00.0: reg 0x24: [mem 0xfa215000-0xfa2157ff]
янв 06 11:56:31 archlinux kernel: pci 0000:08:00.0: reg 0x30: [mem 0xfa200000-0xfa20ffff pref]
янв 06 11:56:31 archlinux kernel: pci 0000:08:00.0: Enabling fixed DMA alias to 00.1
янв 06 11:56:31 archlinux kernel: pci 0000:08:00.0: PME# supported from D3hot
янв 06 11:56:31 archlinux kernel: pci 0000:08:00.1: [1b4b:91a4] type 00 class 0x01018f
янв 06 11:56:31 archlinux kernel: pci 0000:08:00.1: reg 0x10: [io  0xb040-0xb047]
янв 06 11:56:31 archlinux kernel: pci 0000:08:00.1: reg 0x14: [io  0xb030-0xb033]
янв 06 11:56:31 archlinux kernel: pci 0000:08:00.1: reg 0x18: [io  0xb020-0xb027]
янв 06 11:56:31 archlinux kernel: pci 0000:08:00.1: reg 0x1c: [io  0xb010-0xb013]
янв 06 11:56:31 archlinux kernel: pci 0000:08:00.1: reg 0x20: [io  0xb000-0xb00f]
янв 06 11:56:31 archlinux kernel: pci 0000:08:00.1: reg 0x24: [mem 0xfa214000-0xfa21400f]
янв 06 11:56:31 archlinux kernel: pci 0000:08:00.1: reg 0x30: [mem 0xfa210000-0xfa213fff pref]
янв 06 11:56:31 archlinux kernel: pci 0000:08:00.1: PME# supported from D3hot
янв 06 11:56:31 archlinux kernel: pci 0000:00:1c.6: PCI bridge to [bus 08]
янв 06 11:56:31 archlinux kernel: pci 0000:00:1c.6:   bridge window [io  0xb000-0xbfff]
янв 06 11:56:31 archlinux kernel: pci 0000:00:1c.6:   bridge window [mem 0xfa200000-0xfa2fffff]
янв 06 11:56:31 archlinux kernel: pci 0000:09:00.0: [1b21:1042] type 00 class 0x0c0330
янв 06 11:56:31 archlinux kernel: pci 0000:09:00.0: reg 0x10: [mem 0xfa100000-0xfa107fff 64bit]
янв 06 11:56:31 archlinux kernel: pci 0000:09:00.0: PME# supported from D3hot D3cold
янв 06 11:56:31 archlinux kernel: pci 0000:00:1c.7: PCI bridge to [bus 09]
янв 06 11:56:31 archlinux kernel: pci 0000:00:1c.7:   bridge window [mem 0xfa100000-0xfa1fffff]
янв 06 11:56:31 archlinux kernel: ACPI: PCI Interrupt Link [LNKA] (IRQs 3 4 5 6 7 10 *11 12 14 15)
янв 06 11:56:31 archlinux kernel: ACPI: PCI Interrupt Link [LNKB] (IRQs 3 4 5 6 7 *10 11 12 14 15)
янв 06 11:56:31 archlinux kernel: ACPI: PCI Interrupt Link [LNKC] (IRQs 3 4 5 6 10 *11 12 14 15)
янв 06 11:56:31 archlinux kernel: ACPI: PCI Interrupt Link [LNKD] (IRQs 3 4 5 6 *10 11 12 14 15)
янв 06 11:56:31 archlinux kernel: ACPI: PCI Interrupt Link [LNKE] (IRQs 3 4 *5 6 7 10 11 12 14 15)
янв 06 11:56:31 archlinux kernel: ACPI: PCI Interrupt Link [LNKF] (IRQs 3 4 *5 6 7 10 11 12 14 15)
янв 06 11:56:31 archlinux kernel: ACPI: PCI Interrupt Link [LNKG] (IRQs 3 4 5 6 *7 10 11 12 14 15)
янв 06 11:56:31 archlinux kernel: ACPI: PCI Interrupt Link [LNKH] (IRQs *3 4 5 6 7 10 11 12 14 15)
янв 06 11:56:31 archlinux kernel: ACPI: EC: interrupt unblocked
янв 06 11:56:31 archlinux kernel: ACPI: EC: event unblocked
янв 06 11:56:31 archlinux kernel: ACPI: \_SB_.PCI0.SBRG.EC0_: GPE=0x18, EC_CMD/EC_SC=0x66, EC_DATA=0x62
янв 06 11:56:31 archlinux kernel: ACPI: \_SB_.PCI0.SBRG.EC0_: Used as boot DSDT EC to handle transactions and events
янв 06 11:56:31 archlinux kernel: pci 0000:01:00.0: vgaarb: setting as boot VGA device
янв 06 11:56:31 archlinux kernel: pci 0000:01:00.0: vgaarb: VGA device added: decodes=io+mem,owns=io+mem,locks=none
янв 06 11:56:31 archlinux kernel: pci 0000:01:00.0: vgaarb: bridge control possible
янв 06 11:56:31 archlinux kernel: vgaarb: loaded
янв 06 11:56:31 archlinux kernel: EDAC MC: Ver: 3.0.0
янв 06 11:56:31 archlinux kernel: Registered efivars operations
янв 06 11:56:31 archlinux kernel: PCI: Using ACPI for IRQ routing
янв 06 11:56:31 archlinux kernel: PCI: pci_cache_line_size set to 64 bytes
янв 06 11:56:31 archlinux kernel: e820: reserve RAM buffer [mem 0xdf41d000-0xdfffffff]
янв 06 11:56:31 archlinux kernel: e820: reserve RAM buffer [mem 0xdf5cf000-0xdfffffff]
янв 06 11:56:31 archlinux kernel: e820: reserve RAM buffer [mem 0xdf800000-0xdfffffff]
янв 06 11:56:31 archlinux kernel: e820: reserve RAM buffer [mem 0x21f800000-0x21fffffff]
янв 06 11:56:31 archlinux kernel: NetLabel: Initializing
янв 06 11:56:31 archlinux kernel: NetLabel:  domain hash size = 128
янв 06 11:56:31 archlinux kernel: NetLabel:  protocols = UNLABELED CIPSOv4 CALIPSO
янв 06 11:56:31 archlinux kernel: NetLabel:  unlabeled traffic allowed by default
янв 06 11:56:31 archlinux kernel: hpet0: at MMIO 0xfed00000, IRQs 2, 8, 0, 0, 0, 0, 0, 0
янв 06 11:56:31 archlinux kernel: hpet0: 8 comparators, 64-bit 14.318180 MHz counter
янв 06 11:56:31 archlinux kernel: clocksource: Switched to clocksource hpet
янв 06 11:56:31 archlinux kernel: VFS: Disk quotas dquot_6.6.0
янв 06 11:56:31 archlinux kernel: VFS: Dquot-cache hash table entries: 512 (order 0, 4096 bytes)
янв 06 11:56:31 archlinux kernel: pnp: PnP ACPI init
янв 06 11:56:31 archlinux kernel: system 00:00: [mem 0xfed10000-0xfed19fff] has been reserved
янв 06 11:56:31 archlinux kernel: system 00:00: [mem 0xe0000000-0xe3ffffff] has been reserved
янв 06 11:56:31 archlinux kernel: system 00:00: [mem 0xfed90000-0xfed93fff] has been reserved
янв 06 11:56:31 archlinux kernel: system 00:00: [mem 0xfed20000-0xfed3ffff] has been reserved
янв 06 11:56:31 archlinux kernel: system 00:00: [mem 0xfee00000-0xfee0ffff] has been reserved
янв 06 11:56:31 archlinux kernel: system 00:00: Plug and Play ACPI device, IDs PNP0c01 (active)
янв 06 11:56:31 archlinux kernel: system 00:01: [io  0x0290-0x029f] has been reserved
янв 06 11:56:31 archlinux kernel: system 00:01: Plug and Play ACPI device, IDs PNP0c02 (active)
янв 06 11:56:31 archlinux kernel: pnp 00:02: Plug and Play ACPI device, IDs PNP0b00 (active)
янв 06 11:56:31 archlinux kernel: system 00:03: [io  0x04d0-0x04d1] has been reserved
янв 06 11:56:31 archlinux kernel: system 00:03: Plug and Play ACPI device, IDs PNP0c02 (active)
янв 06 11:56:31 archlinux kernel: pnp 00:04: [dma 0 disabled]
янв 06 11:56:31 archlinux kernel: pnp 00:04: Plug and Play ACPI device, IDs PNP0501 (active)
янв 06 11:56:31 archlinux kernel: system 00:05: [io  0x0400-0x0453] has been reserved
янв 06 11:56:31 archlinux kernel: system 00:05: [io  0x0458-0x047f] has been reserved
янв 06 11:56:31 archlinux kernel: system 00:05: [io  0x0500-0x057f] has been reserved
янв 06 11:56:31 archlinux kernel: system 00:05: [mem 0xfed1c000-0xfed1ffff] has been reserved
янв 06 11:56:31 archlinux kernel: system 00:05: [mem 0xfec00000-0xfecfffff] could not be reserved
янв 06 11:56:31 archlinux kernel: system 00:05: [mem 0xfed08000-0xfed08fff] has been reserved
янв 06 11:56:31 archlinux kernel: system 00:05: [mem 0xff000000-0xffffffff] has been reserved
янв 06 11:56:31 archlinux kernel: system 00:05: Plug and Play ACPI device, IDs PNP0c01 (active)
янв 06 11:56:31 archlinux kernel: system 00:06: [io  0x0454-0x0457] has been reserved
янв 06 11:56:31 archlinux kernel: system 00:06: Plug and Play ACPI device, IDs INT3f0d PNP0c02 (active)
янв 06 11:56:31 archlinux kernel: pnp: PnP ACPI: found 7 devices
янв 06 11:56:31 archlinux kernel: clocksource: acpi_pm: mask: 0xffffff max_cycles: 0xffffff, max_idle_ns: 2085701024 ns
янв 06 11:56:31 archlinux kernel: pci 0000:00:01.0: PCI bridge to [bus 01]
янв 06 11:56:31 archlinux kernel: pci 0000:00:01.0:   bridge window [io  0xe000-0xefff]
янв 06 11:56:31 archlinux kernel: pci 0000:00:01.0:   bridge window [mem 0xf8000000-0xfa0fffff]
янв 06 11:56:31 archlinux kernel: pci 0000:00:01.0:   bridge window [mem 0xe8000000-0xf3ffffff 64bit pref]
янв 06 11:56:31 archlinux kernel: pci 0000:00:1c.0: PCI bridge to [bus 02]
янв 06 11:56:31 archlinux kernel: pci 0000:00:1c.2: PCI bridge to [bus 03]
янв 06 11:56:31 archlinux kernel: pci 0000:00:1c.2:   bridge window [mem 0xfa400000-0xfa4fffff]
янв 06 11:56:31 archlinux kernel: pci 0000:00:1c.3: PCI bridge to [bus 04]
янв 06 11:56:31 archlinux kernel: pci 0000:05:00.0: PCI bridge to [bus 06]
янв 06 11:56:31 archlinux kernel: pci 0000:05:00.0:   bridge window [io  0xd000-0xdfff]
янв 06 11:56:31 archlinux kernel: pci 0000:05:00.0:   bridge window [mem 0xfa300000-0xfa3fffff]
янв 06 11:56:31 archlinux kernel: pci 0000:00:1c.4: PCI bridge to [bus 05-06]
янв 06 11:56:31 archlinux kernel: pci 0000:00:1c.4:   bridge window [io  0xd000-0xdfff]
янв 06 11:56:31 archlinux kernel: pci 0000:00:1c.4:   bridge window [mem 0xfa300000-0xfa3fffff]
янв 06 11:56:31 archlinux kernel: pci 0000:00:1c.5: PCI bridge to [bus 07]
янв 06 11:56:31 archlinux kernel: pci 0000:00:1c.5:   bridge window [io  0xc000-0xcfff]
янв 06 11:56:31 archlinux kernel: pci 0000:00:1c.5:   bridge window [mem 0xf4100000-0xf41fffff 64bit pref]
янв 06 11:56:31 archlinux kernel: pci 0000:00:1c.6: PCI bridge to [bus 08]
янв 06 11:56:31 archlinux kernel: pci 0000:00:1c.6:   bridge window [io  0xb000-0xbfff]
янв 06 11:56:31 archlinux kernel: pci 0000:00:1c.6:   bridge window [mem 0xfa200000-0xfa2fffff]
янв 06 11:56:31 archlinux kernel: pci 0000:00:1c.7: PCI bridge to [bus 09]
янв 06 11:56:31 archlinux kernel: pci 0000:00:1c.7:   bridge window [mem 0xfa100000-0xfa1fffff]
янв 06 11:56:31 archlinux kernel: pci_bus 0000:00: resource 4 [io  0x0000-0x0cf7 window]
янв 06 11:56:31 archlinux kernel: pci_bus 0000:00: resource 5 [io  0x0d00-0xffff window]
янв 06 11:56:31 archlinux kernel: pci_bus 0000:00: resource 6 [mem 0x000a0000-0x000bffff window]
янв 06 11:56:31 archlinux kernel: pci_bus 0000:00: resource 7 [mem 0x000c8000-0x000dffff window]
янв 06 11:56:31 archlinux kernel: pci_bus 0000:00: resource 8 [mem 0xe4000000-0xffffffff window]
янв 06 11:56:31 archlinux kernel: pci_bus 0000:01: resource 0 [io  0xe000-0xefff]
янв 06 11:56:31 archlinux kernel: pci_bus 0000:01: resource 1 [mem 0xf8000000-0xfa0fffff]
янв 06 11:56:31 archlinux kernel: pci_bus 0000:01: resource 2 [mem 0xe8000000-0xf3ffffff 64bit pref]
янв 06 11:56:31 archlinux kernel: pci_bus 0000:03: resource 1 [mem 0xfa400000-0xfa4fffff]
янв 06 11:56:31 archlinux kernel: pci_bus 0000:05: resource 0 [io  0xd000-0xdfff]
янв 06 11:56:31 archlinux kernel: pci_bus 0000:05: resource 1 [mem 0xfa300000-0xfa3fffff]
янв 06 11:56:31 archlinux kernel: pci_bus 0000:05: resource 4 [io  0x0000-0x0cf7 window]
янв 06 11:56:31 archlinux kernel: pci_bus 0000:05: resource 5 [io  0x0d00-0xffff window]
янв 06 11:56:31 archlinux kernel: pci_bus 0000:05: resource 6 [mem 0x000a0000-0x000bffff window]
янв 06 11:56:31 archlinux kernel: pci_bus 0000:05: resource 7 [mem 0x000c8000-0x000dffff window]
янв 06 11:56:31 archlinux kernel: pci_bus 0000:05: resource 8 [mem 0xe4000000-0xffffffff window]
янв 06 11:56:31 archlinux kernel: pci_bus 0000:06: resource 0 [io  0xd000-0xdfff]
янв 06 11:56:31 archlinux kernel: pci_bus 0000:06: resource 1 [mem 0xfa300000-0xfa3fffff]
янв 06 11:56:31 archlinux kernel: pci_bus 0000:06: resource 4 [io  0xd000-0xdfff]
янв 06 11:56:31 archlinux kernel: pci_bus 0000:06: resource 5 [mem 0xfa300000-0xfa3fffff]
янв 06 11:56:31 archlinux kernel: pci_bus 0000:06: resource 6 [io  0x0000-0x0cf7 window]
янв 06 11:56:31 archlinux kernel: pci_bus 0000:06: resource 7 [io  0x0d00-0xffff window]
янв 06 11:56:31 archlinux kernel: pci_bus 0000:06: resource 8 [mem 0x000a0000-0x000bffff window]
янв 06 11:56:31 archlinux kernel: pci_bus 0000:06: resource 9 [mem 0x000c8000-0x000dffff window]
янв 06 11:56:31 archlinux kernel: pci_bus 0000:06: resource 10 [mem 0xe4000000-0xffffffff window]
янв 06 11:56:31 archlinux kernel: pci_bus 0000:07: resource 0 [io  0xc000-0xcfff]
янв 06 11:56:31 archlinux kernel: pci_bus 0000:07: resource 2 [mem 0xf4100000-0xf41fffff 64bit pref]
янв 06 11:56:31 archlinux kernel: pci_bus 0000:08: resource 0 [io  0xb000-0xbfff]
янв 06 11:56:31 archlinux kernel: pci_bus 0000:08: resource 1 [mem 0xfa200000-0xfa2fffff]
янв 06 11:56:31 archlinux kernel: pci_bus 0000:09: resource 1 [mem 0xfa100000-0xfa1fffff]
янв 06 11:56:31 archlinux kernel: NET: Registered protocol family 2
янв 06 11:56:31 archlinux kernel: TCP established hash table entries: 65536 (order: 7, 524288 bytes)
янв 06 11:56:31 archlinux kernel: TCP bind hash table entries: 65536 (order: 8, 1048576 bytes)
янв 06 11:56:31 archlinux kernel: TCP: Hash tables configured (established 65536 bind 65536)
янв 06 11:56:31 archlinux kernel: UDP hash table entries: 4096 (order: 5, 131072 bytes)
янв 06 11:56:31 archlinux kernel: UDP-Lite hash table entries: 4096 (order: 5, 131072 bytes)
янв 06 11:56:31 archlinux kernel: NET: Registered protocol family 1
янв 06 11:56:31 archlinux kernel: pci 0000:01:00.0: Video device with shadowed ROM at [mem 0x000c0000-0x000dffff]
янв 06 11:56:31 archlinux kernel: PCI: CLS 64 bytes, default 64
янв 06 11:56:31 archlinux kernel: Unpacking initramfs...
янв 06 11:56:31 archlinux kernel: Freeing initrd memory: 13604K
янв 06 11:56:31 archlinux kernel: PCI-DMA: Using software bounce buffering for IO (SWIOTLB)
янв 06 11:56:31 archlinux kernel: software IO TLB [mem 0xdb41d000-0xdf41d000] (64MB) mapped at [ffff96a99b41d000-ffff96a99f41cfff]
янв 06 11:56:31 archlinux kernel: Scanning for low memory corruption every 60 seconds
янв 06 11:56:31 archlinux kernel: Initialise system trusted keyrings
янв 06 11:56:31 archlinux kernel: Key type blacklist registered
янв 06 11:56:31 archlinux kernel: workingset: timestamp_bits=41 max_order=21 bucket_order=0
янв 06 11:56:31 archlinux kernel: zbud: loaded
янв 06 11:56:31 archlinux kernel: Key type asymmetric registered
янв 06 11:56:31 archlinux kernel: Block layer SCSI generic (bsg) driver version 0.4 loaded (major 247)
янв 06 11:56:31 archlinux kernel: io scheduler noop registered
янв 06 11:56:31 archlinux kernel: io scheduler deadline registered (default)
янв 06 11:56:31 archlinux kernel: io scheduler cfq registered
янв 06 11:56:31 archlinux kernel: io scheduler mq-deadline registered
янв 06 11:56:31 archlinux kernel: io scheduler kyber registered
янв 06 11:56:31 archlinux kernel: io scheduler bfq registered
янв 06 11:56:31 archlinux kernel: io scheduler bfq-sq registered
янв 06 11:56:31 archlinux kernel: BFQ I/O-scheduler: v8r12 (with cgroups support)
янв 06 11:56:31 archlinux kernel: io scheduler bfq-mq registered
янв 06 11:56:31 archlinux kernel: BFQ I/O-scheduler: v8r12 (with cgroups support)
янв 06 11:56:31 archlinux kernel: pcieport 0000:00:01.0: Signaling PME with IRQ 24
янв 06 11:56:31 archlinux kernel: pcieport 0000:00:1c.0: Signaling PME with IRQ 25
янв 06 11:56:31 archlinux kernel: pcieport 0000:00:1c.2: Signaling PME with IRQ 26
янв 06 11:56:31 archlinux kernel: pcieport 0000:00:1c.3: Signaling PME with IRQ 27
янв 06 11:56:31 archlinux kernel: pcieport 0000:00:1c.5: Signaling PME with IRQ 28
янв 06 11:56:31 archlinux kernel: pcieport 0000:00:1c.6: Signaling PME with IRQ 29
янв 06 11:56:31 archlinux kernel: pcieport 0000:00:1c.7: Signaling PME with IRQ 30
янв 06 11:56:31 archlinux kernel: efifb: probing for efifb
янв 06 11:56:31 archlinux kernel: efifb: framebuffer at 0xf1000000, using 1920k, total 1920k
янв 06 11:56:31 archlinux kernel: efifb: mode is 800x600x32, linelength=3200, pages=1
янв 06 11:56:31 archlinux kernel: efifb: scrolling: redraw
янв 06 11:56:31 archlinux kernel: efifb: Truecolor: size=8:8:8:8, shift=24:16:8:0
янв 06 11:56:31 archlinux kernel: Console: switching to colour frame buffer device 100x37
янв 06 11:56:31 archlinux kernel: fb0: EFI VGA frame buffer device
янв 06 11:56:31 archlinux kernel: intel_idle: MWAIT substates: 0x1120
янв 06 11:56:31 archlinux kernel: intel_idle: v0.4.1 model 0x2A
янв 06 11:56:31 archlinux kernel: intel_idle: lapic_timer_reliable_states 0xffffffff
янв 06 11:56:31 archlinux kernel: Serial: 8250/16550 driver, 4 ports, IRQ sharing enabled
янв 06 11:56:31 archlinux kernel: 00:04: ttyS0 at I/O 0x3f8 (irq = 4, base_baud = 115200) is a 16550A
янв 06 11:56:31 archlinux kernel: rtc_cmos 00:02: RTC can wake from S4
янв 06 11:56:31 archlinux kernel: rtc_cmos 00:02: rtc core: registered rtc_cmos as rtc0
янв 06 11:56:31 archlinux kernel: rtc_cmos 00:02: alarms up to one month, y3k, 114 bytes nvram, hpet irqs
янв 06 11:56:31 archlinux kernel: intel_pstate: Intel P-state driver initializing
янв 06 11:56:31 archlinux kernel: ledtrig-cpu: registered to indicate activity on CPUs
янв 06 11:56:31 archlinux kernel: vlv2_plat_clk vlv2_plat_clk: vlv2_plat_clk initialized
янв 06 11:56:31 archlinux kernel: NET: Registered protocol family 10
янв 06 11:56:31 archlinux kernel: Segment Routing with IPv6
янв 06 11:56:31 archlinux kernel: NET: Registered protocol family 17
янв 06 11:56:31 archlinux kernel: RAS: Correctable Errors collector initialized.
янв 06 11:56:31 archlinux kernel: microcode: sig=0x206a7, pf=0x2, revision=0x29
янв 06 11:56:31 archlinux kernel: microcode: Microcode Update Driver: v2.2.
янв 06 11:56:31 archlinux kernel: sched_clock: Marking stable (823024367, 0)->(835627207, -12602840)
янв 06 11:56:31 archlinux kernel: registered taskstats version 1
янв 06 11:56:31 archlinux kernel: Loading compiled-in X.509 certificates
янв 06 11:56:31 archlinux kernel: zswap: loaded using pool lzo/zbud
янв 06 11:56:31 archlinux kernel: Key type big_key registered
янв 06 11:56:31 archlinux kernel:   Magic number: 2:157:927
янв 06 11:56:31 archlinux kernel: rtc_cmos 00:02: setting system clock to 2018-01-06 08:56:27 UTC (1515228987)
янв 06 11:56:31 archlinux kernel: Freeing unused kernel memory: 1360K
янв 06 11:56:31 archlinux kernel: Write protecting the kernel read-only data: 16384k
янв 06 11:56:31 archlinux kernel: Freeing unused kernel memory: 2016K
янв 06 11:56:31 archlinux kernel: Freeing unused kernel memory: 1292K
янв 06 11:56:31 archlinux kernel: CFS CPU scheduler.
янв 06 11:56:31 archlinux kernel: Linux agpgart interface v0.103
янв 06 11:56:31 archlinux kernel: nvidia: loading out-of-tree module taints kernel.
янв 06 11:56:31 archlinux kernel: nvidia: module license 'NVIDIA' taints kernel.
янв 06 11:56:31 archlinux kernel: Disabling lock debugging due to kernel taint
янв 06 11:56:31 archlinux kernel: nvidia 0000:01:00.0: vgaarb: changed VGA decodes: olddecodes=io+mem,decodes=none:owns=io+mem
янв 06 11:56:31 archlinux kernel: [drm] Initialized nvidia-drm 0.0.0 20150116 for 0000:01:00.0 on minor 0
янв 06 11:56:31 archlinux kernel: NVRM: loading NVIDIA UNIX x86_64 Kernel Module  340.104  Thu Sep 14 17:13:13 PDT 2017
янв 06 11:56:31 archlinux kernel: nvidia_uvm: Loaded the UVM driver, major device number 246
янв 06 11:56:31 archlinux kernel: i8042: PNP: No PS/2 controller found.
янв 06 11:56:31 archlinux kernel: ACPI: bus type USB registered
янв 06 11:56:31 archlinux kernel: usbcore: registered new interface driver usbfs
янв 06 11:56:31 archlinux kernel: usbcore: registered new interface driver hub
янв 06 11:56:31 archlinux kernel: usbcore: registered new device driver usb
янв 06 11:56:31 archlinux kernel: ehci_hcd: USB 2.0 'Enhanced' Host Controller (EHCI) Driver
янв 06 11:56:31 archlinux kernel: ehci-pci: EHCI PCI platform driver
янв 06 11:56:31 archlinux kernel: ehci-pci 0000:00:1a.0: EHCI Host Controller
янв 06 11:56:31 archlinux kernel: ehci-pci 0000:00:1a.0: new USB bus registered, assigned bus number 1
янв 06 11:56:31 archlinux kernel: ehci-pci 0000:00:1a.0: debug port 2
янв 06 11:56:31 archlinux kernel: SCSI subsystem initialized
янв 06 11:56:31 archlinux kernel: libata version 3.00 loaded.
янв 06 11:56:31 archlinux kernel: ehci-pci 0000:00:1a.0: cache line size of 64 is not supported
янв 06 11:56:31 archlinux kernel: ehci-pci 0000:00:1a.0: irq 23, io mem 0xfa506000
янв 06 11:56:31 archlinux kernel: scsi host0: pata_marvell
янв 06 11:56:31 archlinux kernel: scsi host1: pata_marvell
янв 06 11:56:31 archlinux kernel: ata1: PATA max UDMA/100 cmd 0xb090 ctl 0xb080 bmdma 0xb050 irq 18
янв 06 11:56:31 archlinux kernel: ata2: PATA max UDMA/133 cmd 0xb070 ctl 0xb060 bmdma 0xb058 irq 18
янв 06 11:56:31 archlinux kernel: scsi host2: pata_marvell
янв 06 11:56:31 archlinux kernel: scsi host3: pata_marvell
янв 06 11:56:31 archlinux kernel: ata3: PATA max UDMA/100 cmd 0xb040 ctl 0xb030 bmdma 0xb000 irq 19
янв 06 11:56:31 archlinux kernel: ata4: PATA max UDMA/133 cmd 0xb020 ctl 0xb010 bmdma 0xb008 irq 19
янв 06 11:56:31 archlinux kernel: ehci-pci 0000:00:1a.0: USB 2.0 started, EHCI 1.00
янв 06 11:56:31 archlinux kernel: hub 1-0:1.0: USB hub found
янв 06 11:56:31 archlinux kernel: hub 1-0:1.0: 2 ports detected
янв 06 11:56:31 archlinux kernel: xhci_hcd 0000:09:00.0: xHCI Host Controller
янв 06 11:56:31 archlinux kernel: xhci_hcd 0000:09:00.0: new USB bus registered, assigned bus number 2
янв 06 11:56:31 archlinux kernel: xhci_hcd 0000:09:00.0: hcc params 0x0200f180 hci version 0x96 quirks 0x00080000
янв 06 11:56:31 archlinux kernel: hub 2-0:1.0: USB hub found
янв 06 11:56:31 archlinux kernel: hub 2-0:1.0: 2 ports detected
янв 06 11:56:31 archlinux kernel: xhci_hcd 0000:09:00.0: xHCI Host Controller
янв 06 11:56:31 archlinux kernel: xhci_hcd 0000:09:00.0: new USB bus registered, assigned bus number 3
янв 06 11:56:31 archlinux kernel: usb usb3: We don't know the algorithms for LPM for this host, disabling LPM.
янв 06 11:56:31 archlinux kernel: ehci-pci 0000:00:1d.0: EHCI Host Controller
янв 06 11:56:31 archlinux kernel: hub 3-0:1.0: USB hub found
янв 06 11:56:31 archlinux kernel: hub 3-0:1.0: 2 ports detected
янв 06 11:56:31 archlinux kernel: ehci-pci 0000:00:1d.0: new USB bus registered, assigned bus number 4
янв 06 11:56:31 archlinux kernel: ehci-pci 0000:00:1d.0: debug port 2
янв 06 11:56:31 archlinux kernel: ehci-pci 0000:00:1d.0: cache line size of 64 is not supported
янв 06 11:56:31 archlinux kernel: ehci-pci 0000:00:1d.0: irq 23, io mem 0xfa505000
янв 06 11:56:31 archlinux kernel: i8042: PNP: No PS/2 controller found.
янв 06 11:56:31 archlinux kernel: ehci-pci 0000:00:1d.0: USB 2.0 started, EHCI 1.00
янв 06 11:56:31 archlinux kernel: hub 4-0:1.0: USB hub found
янв 06 11:56:31 archlinux kernel: hub 4-0:1.0: 2 ports detected
янв 06 11:56:31 archlinux kernel: ata_piix 0000:00:1f.2: version 2.13
янв 06 11:56:31 archlinux kernel: ata_piix 0000:00:1f.2: MAP [ P0 P2 P1 P3 ]
янв 06 11:56:31 archlinux kernel: firewire_ohci 0000:06:03.0: added OHCI v1.10 device as card 0, 4 IR + 8 IT contexts, quirks 0x11
янв 06 11:56:31 archlinux kernel: ata_piix 0000:00:1f.2: SCR access via SIDPR is available but doesn't work
янв 06 11:56:31 archlinux kernel: scsi host4: ata_piix
янв 06 11:56:31 archlinux kernel: scsi host5: ata_piix
янв 06 11:56:31 archlinux kernel: ata5: SATA max UDMA/133 cmd 0xf0d0 ctl 0xf0c0 bmdma 0xf090 irq 20
янв 06 11:56:31 archlinux kernel: ata6: SATA max UDMA/133 cmd 0xf0b0 ctl 0xf0a0 bmdma 0xf098 irq 20
янв 06 11:56:31 archlinux kernel: ata_piix 0000:00:1f.5: MAP [ P0 -- P1 -- ]
янв 06 11:56:31 archlinux kernel: usb 1-1: new high-speed USB device number 2 using ehci-pci
янв 06 11:56:31 archlinux kernel: ata_piix 0000:00:1f.5: SCR access via SIDPR is available but doesn't work
янв 06 11:56:31 archlinux kernel: scsi host6: ata_piix
янв 06 11:56:31 archlinux kernel: scsi host7: ata_piix
янв 06 11:56:31 archlinux kernel: ata7: SATA max UDMA/133 cmd 0xf070 ctl 0xf060 bmdma 0xf030 irq 20
янв 06 11:56:31 archlinux kernel: ata8: SATA max UDMA/133 cmd 0xf050 ctl 0xf040 bmdma 0xf038 irq 20
янв 06 11:56:31 archlinux kernel: usb 4-1: new high-speed USB device number 2 using ehci-pci
янв 06 11:56:31 archlinux kernel: ata6.00: ATAPI: HL-DT-ST DVDRAM GH22NS70, EX00, max UDMA/100
янв 06 11:56:31 archlinux kernel: ata6.01: ATA-10: WDC WD10EZEX-22MFCA0, 01.01A01, max UDMA/133
янв 06 11:56:31 archlinux kernel: ata6.01: 1953525168 sectors, multi 16: LBA48 NCQ (depth 0/32)
янв 06 11:56:31 archlinux kernel: ata5.01: ATA-10: WDC WD10EZEX-22MFCA0, 01.01A01, max UDMA/133
янв 06 11:56:31 archlinux kernel: ata5.01: 1953525168 sectors, multi 16: LBA48 NCQ (depth 0/32)
янв 06 11:56:31 archlinux kernel: ata6.00: configured for UDMA/100
янв 06 11:56:31 archlinux kernel: ata5.01: configured for UDMA/133
янв 06 11:56:31 archlinux kernel: ata6.01: configured for UDMA/133
янв 06 11:56:31 archlinux kernel: usb 2-2: new full-speed USB device number 2 using xhci_hcd
янв 06 11:56:31 archlinux kernel: hub 1-1:1.0: USB hub found
янв 06 11:56:31 archlinux kernel: hub 1-1:1.0: 6 ports detected
янв 06 11:56:31 archlinux kernel: scsi 4:0:1:0: Direct-Access     ATA      WDC WD10EZEX-22M 1A01 PQ: 0 ANSI: 5
янв 06 11:56:31 archlinux kernel: hub 4-1:1.0: USB hub found
янв 06 11:56:31 archlinux kernel: hub 4-1:1.0: 8 ports detected
янв 06 11:56:31 archlinux kernel: scsi 5:0:0:0: CD-ROM            HL-DT-ST DVDRAM GH22NS70  EX00 PQ: 0 ANSI: 5
янв 06 11:56:31 archlinux kernel: scsi 5:0:1:0: Direct-Access     ATA      WDC WD10EZEX-22M 1A01 PQ: 0 ANSI: 5
янв 06 11:56:31 archlinux kernel: sd 5:0:1:0: [sdb] 1953525168 512-byte logical blocks: (1.00 TB/932 GiB)
янв 06 11:56:31 archlinux kernel: sd 5:0:1:0: [sdb] 4096-byte physical blocks
янв 06 11:56:31 archlinux kernel: sd 5:0:1:0: [sdb] Write Protect is off
янв 06 11:56:31 archlinux kernel: sd 5:0:1:0: [sdb] Mode Sense: 00 3a 00 00
янв 06 11:56:31 archlinux kernel: sd 5:0:1:0: [sdb] Write cache: enabled, read cache: enabled, doesn't support DPO or FUA
янв 06 11:56:31 archlinux kernel: sd 4:0:1:0: [sda] 1953525168 512-byte logical blocks: (1.00 TB/932 GiB)
янв 06 11:56:31 archlinux kernel: sd 4:0:1:0: [sda] 4096-byte physical blocks
янв 06 11:56:31 archlinux kernel: sd 4:0:1:0: [sda] Write Protect is off
янв 06 11:56:31 archlinux kernel: sd 4:0:1:0: [sda] Mode Sense: 00 3a 00 00
янв 06 11:56:31 archlinux kernel: sd 4:0:1:0: [sda] Write cache: enabled, read cache: enabled, doesn't support DPO or FUA
янв 06 11:56:31 archlinux kernel: firewire_core 0000:06:03.0: created device fw0: GUID 001fc60000113292, S400
янв 06 11:56:31 archlinux kernel: sr 5:0:0:0: [sr0] scsi3-mmc drive: 48x/48x writer dvd-ram cd/rw xa/form2 cdda tray
янв 06 11:56:31 archlinux kernel: cdrom: Uniform CD-ROM driver Revision: 3.20
янв 06 11:56:31 archlinux kernel: sr 5:0:0:0: Attached scsi CD-ROM sr0
янв 06 11:56:31 archlinux kernel:  sda: sda1 sda2 sda3
янв 06 11:56:31 archlinux kernel: sd 4:0:1:0: [sda] Attached SCSI disk
янв 06 11:56:31 archlinux kernel: hidraw: raw HID events driver (C) Jiri Kosina
янв 06 11:56:31 archlinux kernel: usbcore: registered new interface driver usbhid
янв 06 11:56:31 archlinux kernel: usbhid: USB HID core driver
янв 06 11:56:31 archlinux kernel: input: Game mouse as /devices/pci0000:00/0000:00:1c.7/0000:09:00.0/usb2/2-2/2-2:1.0/0003:1D57:FFA8.0001/input/input0
янв 06 11:56:31 archlinux kernel:  sdb: sdb1 sdb2 sdb3
янв 06 11:56:31 archlinux kernel: sd 5:0:1:0: [sdb] Attached SCSI disk
янв 06 11:56:31 archlinux kernel: hid-generic 0003:1D57:FFA8.0001: input,hidraw0: USB HID v1.10 Keyboard [Game mouse] on usb-0000:09:00.0-2/input0
янв 06 11:56:31 archlinux kernel: input: Game mouse as /devices/pci0000:00/0000:00:1c.7/0000:09:00.0/usb2/2-2/2-2:1.1/0003:1D57:FFA8.0002/input/input1
янв 06 11:56:31 archlinux kernel: tsc: Refined TSC clocksource calibration: 3502.640 MHz
янв 06 11:56:31 archlinux kernel: clocksource: tsc: mask: 0xffffffffffffffff max_cycles: 0x327d0f2a4d8, max_idle_ns: 440795289690 ns
янв 06 11:56:31 archlinux kernel: hid-generic 0003:1D57:FFA8.0002: input,hiddev0,hidraw1: USB HID v1.10 Mouse [Game mouse] on usb-0000:09:00.0-2/input1
янв 06 11:56:31 archlinux kernel: usb 4-1.5: new low-speed USB device number 3 using ehci-pci
янв 06 11:56:31 archlinux kernel: input:   USB Keyboard as /devices/pci0000:00/0000:00:1d.0/usb4/4-1/4-1.5/4-1.5:1.0/0003:04D9:1702.0003/input/input2
янв 06 11:56:31 archlinux kernel: hid-generic 0003:04D9:1702.0003: input,hidraw2: USB HID v1.10 Keyboard [  USB Keyboard] on usb-0000:00:1d.0-1.5/input0
янв 06 11:56:31 archlinux kernel: input:   USB Keyboard as /devices/pci0000:00/0000:00:1d.0/usb4/4-1/4-1.5/4-1.5:1.1/0003:04D9:1702.0004/input/input3
янв 06 11:56:31 archlinux kernel: hid-generic 0003:04D9:1702.0004: input,hidraw3: USB HID v1.10 Device [  USB Keyboard] on usb-0000:00:1d.0-1.5/input1
янв 06 11:56:31 archlinux kernel: usb 4-1.6: new high-speed USB device number 4 using ehci-pci
янв 06 11:56:31 archlinux kernel: EXT4-fs (sda3): mounted filesystem with ordered data mode. Opts: (null)
янв 06 11:56:31 archlinux kernel: usb 4-1.8: new high-speed USB device number 5 using ehci-pci
янв 06 11:56:31 archlinux kernel: clocksource: Switched to clocksource tsc
янв 06 11:56:31 archlinux kernel: ip_tables: (C) 2000-2006 Netfilter Core Team
янв 06 11:56:31 archlinux systemd[1]: systemd 236 running in system mode. (+PAM -AUDIT -SELINUX -IMA -APPARMOR +SMACK -SYSVINIT +UTMP +LIBCRYPTSETUP +GCRYPT +GNUTLS +ACL +XZ +LZ4 +SECCOMP +BLKID +ELFUTILS +KMOD -IDN2 +IDN default-hierarchy=hybrid)
янв 06 11:56:31 archlinux systemd[1]: Detected architecture x86-64.
янв 06 11:56:31 archlinux systemd[1]: Set hostname to <archlinux>.
янв 06 11:56:31 archlinux kernel: random: crng init done
янв 06 11:56:31 archlinux systemd[1]: Created slice System Slice.
янв 06 11:56:31 archlinux systemd[1]: Listening on Device-mapper event daemon FIFOs.
янв 06 11:56:31 archlinux systemd[1]: Mounting Huge Pages File System...
янв 06 11:56:31 archlinux systemd[1]: Listening on Journal Socket (/dev/log).
янв 06 11:56:31 archlinux systemd[1]: Created slice system-systemd\x2dfsck.slice.
янв 06 11:56:31 archlinux systemd[1]: Listening on LVM2 poll daemon socket.
янв 06 11:56:31 archlinux systemd[1]: Created slice system-getty.slice.
янв 06 11:56:31 archlinux kernel: EXT4-fs (sda3): re-mounted. Opts: data=ordered
янв 06 11:56:31 archlinux systemd-journald[268]: Journal started
янв 06 11:56:31 archlinux systemd-journald[268]: Runtime journal (/run/log/journal/b803269a2c90432dabea5cfc1ad5cf54) is 8.0M, max 398.0M, 390.0M free.
янв 06 11:56:31 archlinux systemd-modules-load[267]: Inserted module 'crypto_user'
янв 06 11:56:31 archlinux systemd[1]: Started Create list of required static device nodes for the current kernel.
янв 06 11:56:31 archlinux systemd[1]: Starting Flush Journal to Persistent Storage...
янв 06 11:56:31 archlinux systemd[1]: Started udev Coldplug all Devices.
янв 06 11:56:31 archlinux systemd[1]: Started Set Up Additional Binary Formats.
янв 06 11:56:31 archlinux systemd-journald[268]: Time spent on flushing to /var is 1.764269s for 721 entries.
янв 06 11:56:31 archlinux systemd-journald[268]: System journal (/var/log/journal/b803269a2c90432dabea5cfc1ad5cf54) is 520.2M, max 4.0G, 3.4G free.
янв 06 11:56:41 archlinux kernel: input: Power Button as /devices/LNXSYSTM:00/LNXSYBUS:00/PNP0C0C:00/input/input4
янв 06 11:56:41 archlinux kernel: ACPI: Power Button [PWRB]
янв 06 11:56:41 archlinux kernel: input: Power Button as /devices/LNXSYSTM:00/LNXPWRBN:00/input/input5
янв 06 11:56:41 archlinux kernel: ACPI: Power Button [PWRF]
янв 06 11:56:41 archlinux kernel: i8042: PNP: No PS/2 controller found.
янв 06 11:56:41 archlinux kernel: i8042: PNP: No PS/2 controller found.
янв 06 11:56:41 archlinux kernel: input: PC Speaker as /devices/platform/pcspkr/input/input6
янв 06 11:56:41 archlinux kernel: i8042: PNP: No PS/2 controller found.
янв 06 11:56:41 archlinux kernel: i8042: PNP: No PS/2 controller found.
янв 06 11:56:41 archlinux kernel: ACPI Warning: SystemIO range 0x0000000000000540-0x000000000000054F conflicts with OpRegion 0x0000000000000500-0x000000000000057F (\_SB.PCI0.SBRG.GPBX) (20170728/utaddress-247)
янв 06 11:56:41 archlinux kernel: ACPI: If an ACPI driver is available for this device, you should use it instead of the native driver
янв 06 11:56:41 archlinux kernel: ACPI Warning: SystemIO range 0x0000000000000530-0x000000000000053F conflicts with OpRegion 0x0000000000000500-0x000000000000057F (\_SB.PCI0.SBRG.GPBX) (20170728/utaddress-247)
янв 06 11:56:41 archlinux kernel: ACPI: If an ACPI driver is available for this device, you should use it instead of the native driver
янв 06 11:56:41 archlinux kernel: ACPI Warning: SystemIO range 0x0000000000000500-0x000000000000052F conflicts with OpRegion 0x0000000000000500-0x000000000000057F (\_SB.PCI0.SBRG.GPBX) (20170728/utaddress-247)
янв 06 11:56:41 archlinux kernel: ACPI Warning: SystemIO range 0x0000000000000500-0x000000000000052F conflicts with OpRegion 0x0000000000000500-0x000000000000050F (\_GPE.GPIO) (20170728/utaddress-247)
янв 06 11:56:41 archlinux kernel: ACPI: If an ACPI driver is available for this device, you should use it instead of the native driver
янв 06 11:56:41 archlinux kernel: lpc_ich: Resource conflict(s) found affecting gpio_ich
янв 06 11:56:41 archlinux kernel: shpchp: Standard Hot Plug PCI Controller Driver version: 0.4
янв 06 11:56:41 archlinux kernel: i801_smbus 0000:00:1f.3: enabling device (0001 -> 0003)
янв 06 11:56:41 archlinux kernel: i801_smbus 0000:00:1f.3: SMBus using PCI interrupt
янв 06 11:56:41 archlinux kernel: mousedev: PS/2 mouse device common for all mice
янв 06 11:56:41 archlinux kernel: r8169 Gigabit Ethernet driver 2.3LK-NAPI loaded
янв 06 11:56:41 archlinux kernel: r8169 0000:07:00.0 eth0: RTL8168e/8111e at 0xffffb62b80de1000, f4:6d:04:31:6c:cb, XID 0c200000 IRQ 40
янв 06 11:56:41 archlinux kernel: r8169 0000:07:00.0 eth0: jumbo features [frames: 9200 bytes, tx checksumming: ko]
янв 06 11:56:41 archlinux kernel: RAPL PMU: API unit is 2^-32 Joules, 3 fixed counters, 163840 ms ovfl timer
янв 06 11:56:41 archlinux kernel: RAPL PMU: hw unit of domain pp0-core 2^-16 Joules
янв 06 11:56:41 archlinux kernel: RAPL PMU: hw unit of domain package 2^-16 Joules
янв 06 11:56:41 archlinux kernel: RAPL PMU: hw unit of domain pp1-gpu 2^-16 Joules
янв 06 11:56:41 archlinux kernel: snd_hda_intel 0000:00:1b.0: enabling device (0000 -> 0002)
янв 06 11:56:41 archlinux kernel: snd_hda_intel 0000:01:00.1: Disabling MSI
янв 06 11:56:41 archlinux kernel: snd_hda_intel 0000:01:00.1: Handle vga_switcheroo audio client
янв 06 11:56:41 archlinux kernel: iTCO_vendor_support: vendor-support=0
янв 06 11:56:41 archlinux kernel: iTCO_wdt: Intel TCO WatchDog Timer Driver v1.11
янв 06 11:56:41 archlinux kernel: iTCO_wdt: Found a Cougar Point TCO device (Version=2, TCOBASE=0x0460)
янв 06 11:56:41 archlinux kernel: iTCO_wdt: initialized. heartbeat=30 sec (nowayout=0)
янв 06 11:56:41 archlinux kernel: r8169 0000:07:00.0 enp7s0: renamed from eth0
янв 06 11:56:41 archlinux kernel: asus_wmi: ASUS WMI generic driver loaded
янв 06 11:56:41 archlinux kernel: asus_wmi: Initialization: 0x0
янв 06 11:56:41 archlinux kernel: asus_wmi: BIOS WMI version: 0.9
янв 06 11:56:41 archlinux kernel: asus_wmi: SFUN value: 0x0
янв 06 11:56:41 archlinux kernel: input: Eee PC WMI hotkeys as /devices/platform/eeepc-wmi/input/input7
янв 06 11:56:41 archlinux kernel: asus_wmi: Number of fans: 1
янв 06 11:56:41 archlinux kernel: media: Linux media interface: v0.10
янв 06 11:56:41 archlinux kernel: snd_hda_codec_realtek hdaudioC1D0: autoconfig for ALC892: line_outs=4 (0x14/0x15/0x16/0x17/0x0) type:line
янв 06 11:56:41 archlinux kernel: snd_hda_codec_realtek hdaudioC1D0:    speaker_outs=0 (0x0/0x0/0x0/0x0/0x0)
янв 06 11:56:41 archlinux kernel: snd_hda_codec_realtek hdaudioC1D0:    hp_outs=1 (0x1b/0x0/0x0/0x0/0x0)
янв 06 11:56:41 archlinux kernel: snd_hda_codec_realtek hdaudioC1D0:    mono: mono_out=0x0
янв 06 11:56:41 archlinux kernel: snd_hda_codec_realtek hdaudioC1D0:    dig-out=0x11/0x1e
янв 06 11:56:41 archlinux kernel: snd_hda_codec_realtek hdaudioC1D0:    inputs:
янв 06 11:56:41 archlinux kernel: snd_hda_codec_realtek hdaudioC1D0:      Front Mic=0x19
янв 06 11:56:41 archlinux kernel: snd_hda_codec_realtek hdaudioC1D0:      Rear Mic=0x18
янв 06 11:56:41 archlinux kernel: snd_hda_codec_realtek hdaudioC1D0:      Line=0x1a
янв 06 11:56:41 archlinux kernel: input: HDA Intel PCH Front Mic as /devices/pci0000:00/0000:00:1b.0/sound/card1/input8
янв 06 11:56:41 archlinux kernel: input: HDA Intel PCH Rear Mic as /devices/pci0000:00/0000:00:1b.0/sound/card1/input9
янв 06 11:56:41 archlinux kernel: input: HDA Intel PCH Line as /devices/pci0000:00/0000:00:1b.0/sound/card1/input10
янв 06 11:56:41 archlinux kernel: input: HDA Intel PCH Line Out Front as /devices/pci0000:00/0000:00:1b.0/sound/card1/input11
янв 06 11:56:41 archlinux kernel: input: HDA Intel PCH Line Out Surround as /devices/pci0000:00/0000:00:1b.0/sound/card1/input12
янв 06 11:56:41 archlinux kernel: input: HDA Intel PCH Line Out CLFE as /devices/pci0000:00/0000:00:1b.0/sound/card1/input13
янв 06 11:56:41 archlinux kernel: input: HDA Intel PCH Line Out Side as /devices/pci0000:00/0000:00:1b.0/sound/card1/input14
янв 06 11:56:41 archlinux kernel: input: HDA Intel PCH Front Headphone as /devices/pci0000:00/0000:00:1b.0/sound/card1/input15
янв 06 11:56:41 archlinux kernel: usb-storage 4-1.8:1.0: USB Mass Storage device detected
янв 06 11:56:41 archlinux kernel: scsi host8: usb-storage 4-1.8:1.0
янв 06 11:56:41 archlinux kernel: usbcore: registered new interface driver usb-storage
янв 06 11:56:41 archlinux kernel: Linux video capture interface: v2.00
янв 06 11:56:41 archlinux kernel: usbcore: registered new interface driver uas
янв 06 11:56:41 archlinux kernel: AVX version of gcm_enc/dec engaged.
янв 06 11:56:41 archlinux kernel: AES CTR mode by8 optimization enabled
янв 06 11:56:41 archlinux kernel: input: HDA NVidia HDMI/DP,pcm=3 as /devices/pci0000:00/0000:00:01.0/0000:01:00.1/sound/card2/input16
янв 06 11:56:41 archlinux kernel: input: HDA NVidia HDMI/DP,pcm=7 as /devices/pci0000:00/0000:00:01.0/0000:01:00.1/sound/card2/input17
янв 06 11:56:41 archlinux kernel: input: HDA NVidia HDMI/DP,pcm=8 as /devices/pci0000:00/0000:00:01.0/0000:01:00.1/sound/card2/input18
янв 06 11:56:41 archlinux kernel: input: HDA NVidia HDMI/DP,pcm=9 as /devices/pci0000:00/0000:00:01.0/0000:01:00.1/sound/card2/input19
янв 06 11:56:41 archlinux kernel: Adding 50331644k swap on /dev/sda2.  Priority:-2 extents:1 across:50331644k FS
янв 06 11:56:41 archlinux kernel: scsi 8:0:0:0: Direct-Access     Multi    Flash Reader     1.00 PQ: 0 ANSI: 0
янв 06 11:56:41 archlinux kernel: sd 8:0:0:0: [sdc] Attached SCSI removable disk
янв 06 11:56:41 archlinux kernel: intel_rapl: Found RAPL domain package
янв 06 11:56:41 archlinux kernel: intel_rapl: Found RAPL domain core
янв 06 11:56:41 archlinux kernel: intel_rapl: RAPL package 0 domain package locked by BIOS
янв 06 11:56:41 archlinux kernel: usb 4-1.6: set resolution quirk: cval->res = 384
янв 06 11:56:41 archlinux kernel: usbcore: registered new interface driver snd-usb-audio
янв 06 11:56:41 archlinux kernel: uvcvideo: Found UVC 1.00 device <unnamed> (046d:0825)
янв 06 11:56:41 archlinux kernel: uvcvideo 4-1.6:1.0: Entity type for entity Extension 4 was not initialized!
янв 06 11:56:41 archlinux kernel: uvcvideo 4-1.6:1.0: Entity type for entity Extension 6 was not initialized!
янв 06 11:56:41 archlinux kernel: uvcvideo 4-1.6:1.0: Entity type for entity Extension 7 was not initialized!
янв 06 11:56:41 archlinux kernel: uvcvideo 4-1.6:1.0: Entity type for entity Processing 2 was not initialized!
янв 06 11:56:41 archlinux kernel: uvcvideo 4-1.6:1.0: Entity type for entity Extension 3 was not initialized!
янв 06 11:56:41 archlinux kernel: uvcvideo 4-1.6:1.0: Entity type for entity Camera 1 was not initialized!
янв 06 11:56:41 archlinux kernel: input: UVC Camera (046d:0825) as /devices/pci0000:00/0000:00:1d.0/usb4/4-1/4-1.6/4-1.6:1.0/input/input20
янв 06 11:56:41 archlinux kernel: usbcore: registered new interface driver uvcvideo
янв 06 11:56:41 archlinux kernel: USB Video Class driver (1.1.1)
янв 06 11:56:35 archlinux mtp-probe[313]: checking bus 4, device 3: "/sys/devices/pci0000:00/0000:00:1d.0/usb4/4-1/4-1.5"
янв 06 11:56:31 archlinux systemd[1]: Started Load/Save Random Seed.
янв 06 11:56:35 archlinux mtp-probe[314]: checking bus 4, device 4: "/sys/devices/pci0000:00/0000:00:1d.0/usb4/4-1/4-1.6"
янв 06 11:56:31 archlinux systemd[1]: Started LVM2 metadata daemon.
янв 06 11:56:35 archlinux mtp-probe[315]: checking bus 4, device 5: "/sys/devices/pci0000:00/0000:00:1d.0/usb4/4-1/4-1.8"
янв 06 11:56:31 archlinux systemd-modules-load[267]: Inserted module 'snd_aloop'
янв 06 11:56:35 archlinux mtp-probe[320]: checking bus 2, device 2: "/sys/devices/pci0000:00/0000:00:1c.7/0000:09:00.0/usb2/2-2"
янв 06 11:56:31 archlinux systemd[1]: Started Load Kernel Modules.
янв 06 11:56:35 archlinux mtp-probe[315]: bus: 4, device: 5 was not an MTP device
янв 06 11:56:31 archlinux systemd[1]: Starting Apply Kernel Variables...
янв 06 11:56:35 archlinux mtp-probe[313]: bus: 4, device: 3 was not an MTP device
янв 06 11:56:31 archlinux systemd[1]: Mounting Kernel Configuration File System...
янв 06 11:56:35 archlinux mtp-probe[314]: bus: 4, device: 4 was not an MTP device
янв 06 11:56:32 archlinux systemd[1]: Mounted Kernel Configuration File System.
янв 06 11:56:35 archlinux mtp-probe[320]: bus: 2, device: 2 was not an MTP device
янв 06 11:56:41 archlinux systemd-fsck[386]: fsck.fat 4.1 (2017-01-24)
янв 06 11:56:41 archlinux systemd-fsck[386]: /dev/sda1: 540 files, 34055/130812 clusters
янв 06 11:56:32 archlinux systemd[1]: Started Apply Kernel Variables.
янв 06 11:56:32 archlinux systemd[1]: Started Create System Users.
янв 06 11:56:32 archlinux systemd[1]: Starting Create Static Device Nodes in /dev...
янв 06 11:56:32 archlinux systemd[1]: Started Create Static Device Nodes in /dev.
янв 06 11:56:33 archlinux systemd[1]: Started Rebuild Hardware Database.
янв 06 11:56:33 archlinux systemd[1]: Starting udev Kernel Device Manager...
янв 06 11:56:34 archlinux systemd[1]: Started udev Kernel Device Manager.
янв 06 11:56:35 archlinux systemd-udevd[292]: link_config: autonegotiation is unset or enabled, the speed and duplex are not writable.
янв 06 11:56:36 archlinux systemd-udevd[290]: link_config: autonegotiation is unset or enabled, the speed and duplex are not writable.
янв 06 11:56:36 archlinux systemd[1]: Listening on Load/Save RF Kill Switch Status /dev/rfkill Watch.
янв 06 11:56:36 archlinux systemd[1]: Found device WDC_WD10EZEX-22MFCA0 SWAP.
янв 06 11:56:36 archlinux systemd[1]: Activating swap /dev/disk/by-uuid/787563de-42f8-48dc-8dc8-d17eccbd9674...
янв 06 11:56:36 archlinux systemd[1]: Found device WDC_WD10EZEX-22MFCA0 EFI\x20System\x20Partition.
янв 06 11:56:36 archlinux systemd[1]: Activated swap /dev/disk/by-uuid/787563de-42f8-48dc-8dc8-d17eccbd9674.
янв 06 11:56:36 archlinux systemd[1]: Reached target Swap.
янв 06 11:56:37 archlinux systemd[1]: Mounting Temporary Directory (/tmp)...
янв 06 11:56:37 archlinux systemd[1]: Mounted Temporary Directory (/tmp).
янв 06 11:56:37 archlinux systemd[1]: Started Monitoring of LVM2 mirrors, snapshots etc. using dmeventd or progress polling.
янв 06 11:56:37 archlinux systemd[1]: Reached target Local File Systems (Pre).
янв 06 11:56:37 archlinux systemd[1]: Starting File System Check on /dev/disk/by-uuid/D548-1120...
янв 06 11:56:37 archlinux systemd[1]: Started Flush Journal to Persistent Storage.
янв 06 11:56:39 archlinux systemd[1]: Started File System Check on /dev/disk/by-uuid/D548-1120.
янв 06 11:56:39 archlinux systemd[1]: Mounting /boot...
янв 06 11:56:40 archlinux systemd[1]: Mounted /boot.
янв 06 11:56:40 archlinux systemd[1]: Reached target Local File Systems.
янв 06 11:56:40 archlinux systemd[1]: Starting Rebuild Journal Catalog...
янв 06 11:56:40 archlinux systemd[1]: Starting Rebuild Dynamic Linker Cache...
янв 06 11:56:40 archlinux systemd[1]: Starting Create Volatile Files and Directories...
янв 06 11:56:40 archlinux systemd[1]: Started Rebuild Journal Catalog.
янв 06 11:56:40 archlinux systemd[1]: Started Create Volatile Files and Directories.
янв 06 11:56:40 archlinux systemd[1]: Starting Update UTMP about System Boot/Shutdown...
янв 06 11:56:40 archlinux systemd[1]: Started Update UTMP about System Boot/Shutdown.
янв 06 11:56:42 archlinux systemd[1]: Started Rebuild Dynamic Linker Cache.
янв 06 11:56:42 archlinux systemd[1]: Starting Update is Completed...
янв 06 11:56:42 archlinux systemd[1]: Started Update is Completed.
янв 06 11:56:42 archlinux systemd[1]: Reached target System Initialization.
янв 06 11:56:42 archlinux systemd[1]: Started Daily man-db cache update.
янв 06 11:56:42 archlinux systemd[1]: Listening on CUPS Scheduler.
янв 06 11:56:42 archlinux systemd[1]: Listening on PC/SC Smart Card Daemon Activation Socket.
янв 06 11:56:42 archlinux systemd[1]: Listening on Avahi mDNS/DNS-SD Stack Activation Socket.
янв 06 11:56:42 archlinux systemd[1]: Starting Docker Socket for the API.
янв 06 11:56:42 archlinux systemd[1]: Started Daily verification of password and group files.
янв 06 11:56:42 archlinux systemd[1]: Started CUPS Scheduler.
янв 06 11:56:42 archlinux systemd[1]: Reached target Paths.
янв 06 11:56:42 archlinux systemd[1]: Started Weekly pkgstats submission.
янв 06 11:56:42 archlinux systemd[1]: Started Daily rotation of log files.
янв 06 11:56:42 archlinux systemd[1]: Started Daily Cleanup of Temporary Directories.
янв 06 11:56:42 archlinux systemd[1]: Reached target Timers.
янв 06 11:56:42 archlinux systemd[1]: Listening on D-Bus System Message Bus Socket.
янв 06 11:56:42 archlinux systemd[1]: Listening on Docker Socket for the API.
янв 06 11:56:42 archlinux systemd[1]: Reached target Sockets.
янв 06 11:56:42 archlinux systemd[1]: Reached target Basic System.
янв 06 11:56:42 archlinux systemd[1]: Starting Save/Restore Sound Card State...
янв 06 11:56:42 archlinux systemd[1]: Starting Avahi mDNS/DNS-SD Stack...
янв 06 11:56:42 archlinux systemd[1]: Started D-Bus System Message Bus.
янв 06 11:56:42 archlinux avahi-daemon[416]: Found user 'avahi' (UID 84) and group 'avahi' (GID 84).
янв 06 11:56:42 archlinux avahi-daemon[416]: Successfully dropped root privileges.
янв 06 11:56:42 archlinux avahi-daemon[416]: avahi-daemon 0.7 starting up.
янв 06 11:56:42 archlinux avahi-daemon[416]: WARNING: No NSS support for mDNS detected, consider installing nss-mdns!
янв 06 11:56:43 archlinux avahi-daemon[416]: Successfully called chroot().
янв 06 11:56:43 archlinux avahi-daemon[416]: Successfully dropped remaining capabilities.
янв 06 11:56:43 archlinux systemd[1]: Started Avahi mDNS/DNS-SD Stack.
янв 06 11:56:43 archlinux systemd[1]: Starting dhcpcd on all interfaces...
янв 06 11:56:43 archlinux avahi-daemon[416]: Failed to read /etc/avahi/services.
янв 06 11:56:43 archlinux avahi-daemon[416]: Network interface enumeration completed.
янв 06 11:56:43 archlinux systemd[1]: Starting Apply cpupower configuration...
янв 06 11:56:43 archlinux avahi-daemon[416]: Server startup complete. Host name is archlinux.local. Local service cookie is 187871026.
янв 06 11:56:43 archlinux systemd[1]: Starting Login Service...
янв 06 11:56:43 archlinux systemd[1]: Started Save/Restore Sound Card State.
янв 06 11:56:43 archlinux systemd[1]: Reached target Sound Card.
янв 06 11:56:43 archlinux dhcpcd[419]: dev: loaded udev
янв 06 11:56:43 archlinux systemd[1]: Started Login Service.
янв 06 11:56:43 archlinux systemd-logind[421]: New seat seat0.
янв 06 11:56:43 archlinux systemd-logind[421]: Watching system buttons on /dev/input/event5 (Power Button)
янв 06 11:56:43 archlinux systemd-logind[421]: Watching system buttons on /dev/input/event4 (Power Button)
янв 06 11:56:43 archlinux dhcpcd[419]: forked to background, child pid 434
янв 06 11:56:43 archlinux systemd[1]: Started dhcpcd on all interfaces.
янв 06 11:56:43 archlinux systemd[1]: Reached target Network.
янв 06 11:56:43 archlinux systemd[1]: Reached target Network is Online.
янв 06 11:56:43 archlinux systemd[1]: Starting Docker Application Container Engine...
янв 06 11:56:43 archlinux systemd[1]: Starting Permit User Sessions...
янв 06 11:56:43 archlinux systemd[1]: Started Permit User Sessions.
янв 06 11:56:43 archlinux systemd[1]: Started Getty on tty1.
янв 06 11:56:43 archlinux systemd[1]: Reached target Login Prompts.
янв 06 11:56:43 archlinux systemd[1]: Started Apply cpupower configuration.
янв 06 11:56:43 archlinux systemd-logind[421]: Watching system buttons on /dev/input/event0 (Game mouse)
янв 06 11:56:43 archlinux systemd-logind[421]: Watching system buttons on /dev/input/event1 (Game mouse)
янв 06 11:56:43 archlinux systemd-logind[421]: Watching system buttons on /dev/input/event2 (  USB Keyboard)
янв 06 11:56:43 archlinux systemd-logind[421]: Watching system buttons on /dev/input/event3 (  USB Keyboard)
янв 06 11:56:43 archlinux dhcpcd[434]: enp7s0: waiting for carrier
янв 06 11:56:43 archlinux kernel: r8169 0000:07:00.0 enp7s0: link down
янв 06 11:56:43 archlinux kernel: r8169 0000:07:00.0 enp7s0: link down
янв 06 11:56:43 archlinux kernel: IPv6: ADDRCONF(NETDEV_UP): enp7s0: link is not ready
янв 06 11:56:44 archlinux dockerd[436]: time="2018-01-06T11:56:44.657601700+03:00" level=info msg="libcontainerd: started new docker-containerd process" pid=458
янв 06 11:56:44 archlinux dockerd[436]: time="2018-01-06T11:56:44+03:00" level=info msg="starting containerd" module=containerd revision=89623f28b87a6004d4b785663257362d1658a729 version=v1.0.0
янв 06 11:56:44 archlinux dockerd[436]: time="2018-01-06T11:56:44+03:00" level=info msg="setting subreaper..." module=containerd
янв 06 11:56:44 archlinux dockerd[436]: time="2018-01-06T11:56:44+03:00" level=info msg="changing OOM score to -500" module=containerd
янв 06 11:56:44 archlinux dockerd[436]: time="2018-01-06T11:56:44+03:00" level=info msg="loading plugin "io.containerd.content.v1.content"..." module=containerd type=io.containerd.content.v1
янв 06 11:56:44 archlinux dockerd[436]: time="2018-01-06T11:56:44+03:00" level=info msg="loading plugin "io.containerd.snapshotter.v1.btrfs"..." module=containerd type=io.containerd.snapshotter.v1
янв 06 11:56:44 archlinux dockerd[436]: time="2018-01-06T11:56:44+03:00" level=warning msg="failed to load plugin io.containerd.snapshotter.v1.btrfs" error="path /var/lib/docker/containerd/daemon/io.containerd.snapshotter.v1.btrfs must be a btrfs filesystem to be used with the btrfs snapshotter" module=containerd
янв 06 11:56:44 archlinux dockerd[436]: time="2018-01-06T11:56:44+03:00" level=info msg="loading plugin "io.containerd.snapshotter.v1.overlayfs"..." module=containerd type=io.containerd.snapshotter.v1
янв 06 11:56:44 archlinux dockerd[436]: time="2018-01-06T11:56:44+03:00" level=info msg="loading plugin "io.containerd.metadata.v1.bolt"..." module=containerd type=io.containerd.metadata.v1
янв 06 11:56:44 archlinux dockerd[436]: time="2018-01-06T11:56:44+03:00" level=warning msg="could not use snapshotter btrfs in metadata plugin" error="path /var/lib/docker/containerd/daemon/io.containerd.snapshotter.v1.btrfs must be a btrfs filesystem to be used with the btrfs snapshotter" module="containerd/io.containerd.metadata.v1.bolt"
янв 06 11:56:45 archlinux dockerd[436]: time="2018-01-06T11:56:45+03:00" level=info msg="loading plugin "io.containerd.differ.v1.walking"..." module=containerd type=io.containerd.differ.v1
янв 06 11:56:45 archlinux dockerd[436]: time="2018-01-06T11:56:45+03:00" level=info msg="loading plugin "io.containerd.gc.v1.scheduler"..." module=containerd type=io.containerd.gc.v1
янв 06 11:56:45 archlinux dockerd[436]: time="2018-01-06T11:56:45+03:00" level=info msg="loading plugin "io.containerd.grpc.v1.containers"..." module=containerd type=io.containerd.grpc.v1
янв 06 11:56:45 archlinux dockerd[436]: time="2018-01-06T11:56:45+03:00" level=info msg="loading plugin "io.containerd.grpc.v1.content"..." module=containerd type=io.containerd.grpc.v1
янв 06 11:56:45 archlinux dockerd[436]: time="2018-01-06T11:56:45+03:00" level=info msg="loading plugin "io.containerd.grpc.v1.diff"..." module=containerd type=io.containerd.grpc.v1
янв 06 11:56:45 archlinux dockerd[436]: time="2018-01-06T11:56:45+03:00" level=info msg="loading plugin "io.containerd.grpc.v1.events"..." module=containerd type=io.containerd.grpc.v1
янв 06 11:56:45 archlinux dockerd[436]: time="2018-01-06T11:56:45+03:00" level=info msg="loading plugin "io.containerd.grpc.v1.healthcheck"..." module=containerd type=io.containerd.grpc.v1
янв 06 11:56:45 archlinux dockerd[436]: time="2018-01-06T11:56:45+03:00" level=info msg="loading plugin "io.containerd.grpc.v1.images"..." module=containerd type=io.containerd.grpc.v1
янв 06 11:56:45 archlinux dockerd[436]: time="2018-01-06T11:56:45+03:00" level=info msg="loading plugin "io.containerd.grpc.v1.leases"..." module=containerd type=io.containerd.grpc.v1
янв 06 11:56:45 archlinux dockerd[436]: time="2018-01-06T11:56:45+03:00" level=info msg="loading plugin "io.containerd.grpc.v1.namespaces"..." module=containerd type=io.containerd.grpc.v1
янв 06 11:56:45 archlinux dockerd[436]: time="2018-01-06T11:56:45+03:00" level=info msg="loading plugin "io.containerd.grpc.v1.snapshots"..." module=containerd type=io.containerd.grpc.v1
янв 06 11:56:45 archlinux dockerd[436]: time="2018-01-06T11:56:45+03:00" level=info msg="loading plugin "io.containerd.monitor.v1.cgroups"..." module=containerd type=io.containerd.monitor.v1
янв 06 11:56:45 archlinux dockerd[436]: time="2018-01-06T11:56:45+03:00" level=info msg="loading plugin "io.containerd.runtime.v1.linux"..." module=containerd type=io.containerd.runtime.v1
янв 06 11:56:45 archlinux dockerd[436]: time="2018-01-06T11:56:45+03:00" level=info msg="loading plugin "io.containerd.grpc.v1.tasks"..." module=containerd type=io.containerd.grpc.v1
янв 06 11:56:45 archlinux dockerd[436]: time="2018-01-06T11:56:45+03:00" level=info msg="loading plugin "io.containerd.grpc.v1.version"..." module=containerd type=io.containerd.grpc.v1
янв 06 11:56:45 archlinux dockerd[436]: time="2018-01-06T11:56:45+03:00" level=info msg="loading plugin "io.containerd.grpc.v1.introspection"..." module=containerd type=io.containerd.grpc.v1
янв 06 11:56:45 archlinux dockerd[436]: time="2018-01-06T11:56:45+03:00" level=info msg=serving... address="/var/run/docker/containerd/docker-containerd-debug.sock" module="containerd/debug"
янв 06 11:56:45 archlinux dockerd[436]: time="2018-01-06T11:56:45+03:00" level=info msg=serving... address="/var/run/docker/containerd/docker-containerd.sock" module="containerd/grpc"
янв 06 11:56:45 archlinux dockerd[436]: time="2018-01-06T11:56:45+03:00" level=info msg="containerd successfully booted in 0.077803s" module=containerd
янв 06 11:56:45 archlinux dockerd[436]: time="2018-01-06T11:56:45.226927863+03:00" level=info msg="[graphdriver] using prior storage driver: overlay2"
янв 06 11:56:45 archlinux dockerd[436]: time="2018-01-06T11:56:45.617303151+03:00" level=info msg="Graph migration to content-addressability took 0.00 seconds"
янв 06 11:56:45 archlinux dockerd[436]: time="2018-01-06T11:56:45.617471063+03:00" level=warning msg="Your kernel does not support cgroup rt period"
янв 06 11:56:45 archlinux dockerd[436]: time="2018-01-06T11:56:45.617483065+03:00" level=warning msg="Your kernel does not support cgroup rt runtime"
янв 06 11:56:45 archlinux dockerd[436]: time="2018-01-06T11:56:45.617856162+03:00" level=info msg="Loading containers: start."
янв 06 11:56:46 archlinux dhcpcd[434]: enp7s0: carrier acquired
янв 06 11:56:46 archlinux kernel: r8169 0000:07:00.0 enp7s0: link up
янв 06 11:56:46 archlinux kernel: IPv6: ADDRCONF(NETDEV_CHANGE): enp7s0: link becomes ready
янв 06 11:56:46 archlinux dhcpcd[434]: DUID 00:01:00:01:21:49:c4:d5:f4:6d:04:31:6c:cb
янв 06 11:56:46 archlinux dhcpcd[434]: enp7s0: IAID 04:31:6c:cb
янв 06 11:56:46 archlinux dhcpcd[434]: enp7s0: adding address fe80::a71f:4473:90b7:a822
янв 06 11:56:47 archlinux dhcpcd[434]: enp7s0: soliciting an IPv6 router
янв 06 11:56:47 archlinux dhcpcd[434]: enp7s0: rebinding lease of 192.168.1.191
янв 06 11:56:47 archlinux dhcpcd[434]: enp7s0: carrier lost
янв 06 11:56:47 archlinux kernel: r8169 0000:07:00.0 enp7s0: link down
янв 06 11:56:47 archlinux dhcpcd[434]: enp7s0: deleting address fe80::a71f:4473:90b7:a822
янв 06 11:56:49 archlinux kernel: bridge: filtering via arp/ip/ip6tables is no longer available by default. Update your scripts to load br_netfilter if you need this.
янв 06 11:56:49 archlinux kernel: Bridge firewalling registered
янв 06 11:56:49 archlinux kernel: nf_conntrack version 0.5.0 (65536 buckets, 262144 max)
янв 06 11:56:49 archlinux dhcpcd[434]: enp7s0: carrier acquired
янв 06 11:56:49 archlinux kernel: r8169 0000:07:00.0 enp7s0: link up
янв 06 11:56:49 archlinux dhcpcd[434]: enp7s0: IAID 04:31:6c:cb
янв 06 11:56:49 archlinux dhcpcd[434]: enp7s0: adding address fe80::a71f:4473:90b7:a822
янв 06 11:56:49 archlinux kernel: Initializing XFRM netlink socket
янв 06 11:56:49 archlinux kernel: Netfilter messages via NETLINK v0.30.
янв 06 11:56:49 archlinux kernel: ctnetlink v0.93: registering with nfnetlink.
янв 06 11:56:49 archlinux systemd-udevd[560]: link_config: autonegotiation is unset or enabled, the speed and duplex are not writable.
янв 06 11:56:49 archlinux dhcpcd[434]: docker0: waiting for carrier
янв 06 11:56:49 archlinux dhcpcd[434]: docker0: carrier acquired
янв 06 11:56:49 archlinux avahi-daemon[416]: Joining mDNS multicast group on interface docker0.IPv4 with address 172.17.0.1.
янв 06 11:56:49 archlinux avahi-daemon[416]: New relevant interface docker0.IPv4 for mDNS.
янв 06 11:56:49 archlinux avahi-daemon[416]: Registering new address record for 172.17.0.1 on docker0.IPv4.
янв 06 11:56:49 archlinux kernel: IPv6: ADDRCONF(NETDEV_UP): docker0: link is not ready
янв 06 11:56:49 archlinux dhcpcd[434]: docker0: IAID 1e:58:67:1d
янв 06 11:56:49 archlinux dhcpcd[434]: docker0: adding address fe80::1ad6:affa:c4a:935e
янв 06 11:56:50 archlinux dhcpcd[434]: enp7s0: soliciting an IPv6 router
янв 06 11:56:50 archlinux dhcpcd[434]: docker0: soliciting a DHCP lease
янв 06 11:56:50 archlinux dhcpcd[434]: docker0: soliciting an IPv6 router
янв 06 11:56:50 archlinux dockerd[436]: time="2018-01-06T11:56:50.484448610+03:00" level=info msg="Default bridge (docker0) is assigned with an IP address 172.17.0.0/16. Daemon option --bip can be used to set a preferred IP address"
янв 06 11:56:50 archlinux dhcpcd[434]: enp7s0: rebinding lease of 192.168.1.191
янв 06 11:56:50 archlinux dhcpcd[434]: enp7s0: probing address 192.168.1.191/24
янв 06 11:56:50 archlinux dhcpcd[434]: docker0: carrier lost
янв 06 11:56:50 archlinux dhcpcd[434]: docker0: deleting address fe80::1ad6:affa:c4a:935e
янв 06 11:56:51 archlinux avahi-daemon[416]: Joining mDNS multicast group on interface enp7s0.IPv6 with address fe80::a71f:4473:90b7:a822.
янв 06 11:56:51 archlinux avahi-daemon[416]: New relevant interface enp7s0.IPv6 for mDNS.
янв 06 11:56:51 archlinux avahi-daemon[416]: Registering new address record for fe80::a71f:4473:90b7:a822 on enp7s0.*.
янв 06 11:56:52 archlinux dockerd[436]: time="2018-01-06T11:56:52.068044082+03:00" level=info msg="Loading containers: done."
янв 06 11:56:52 archlinux dockerd[436]: time="2018-01-06T11:56:52.219122136+03:00" level=warning msg="Not using native diff for overlay2, this may cause degraded performance for building images: kernel has CONFIG_OVERLAY_FS_REDIRECT_DIR enabled"
янв 06 11:56:52 archlinux dockerd[436]: time="2018-01-06T11:56:52.350927779+03:00" level=info msg="Docker daemon" commit=486a48d270 graphdriver(s)=overlay2 version=17.12.0-ce
янв 06 11:56:52 archlinux dockerd[436]: time="2018-01-06T11:56:52.370451027+03:00" level=info msg="Daemon has completed initialization"
янв 06 11:56:52 archlinux dockerd[436]: time="2018-01-06T11:56:52.391071387+03:00" level=info msg="API listen on /var/run/docker.sock"
янв 06 11:56:52 archlinux systemd[1]: Started Docker Application Container Engine.
янв 06 11:56:52 archlinux systemd[1]: Reached target Multi-User System.
янв 06 11:56:52 archlinux systemd[1]: Reached target Graphical Interface.
янв 06 11:56:52 archlinux systemd[1]: Startup finished in 2.959s (kernel) + 22.760s (userspace) = 25.719s.
янв 06 11:56:55 archlinux dhcpcd[434]: enp7s0: leased 192.168.1.191 for 86400 seconds
янв 06 11:56:55 archlinux dhcpcd[434]: enp7s0: adding route to 192.168.1.0/24
янв 06 11:56:55 archlinux avahi-daemon[416]: Joining mDNS multicast group on interface enp7s0.IPv4 with address 192.168.1.191.
янв 06 11:56:55 archlinux dhcpcd[434]: enp7s0: adding default route via 192.168.1.1
янв 06 11:56:55 archlinux avahi-daemon[416]: New relevant interface enp7s0.IPv4 for mDNS.
янв 06 11:56:55 archlinux avahi-daemon[416]: Registering new address record for 192.168.1.191 on enp7s0.IPv4.
янв 06 11:57:03 archlinux dhcpcd[434]: enp7s0: no IPv6 Routers available
янв 06 11:57:18 archlinux login[443]: pam_unix(login:session): session opened for user leonid by LOGIN(uid=0)
янв 06 11:57:18 archlinux systemd[1]: Created slice User Slice of leonid.
янв 06 11:57:18 archlinux systemd[1]: Starting User Manager for UID 1000...
янв 06 11:57:18 archlinux systemd-logind[421]: New session c1 of user leonid.
янв 06 11:57:18 archlinux systemd[1]: Started Session c1 of user leonid.
янв 06 11:57:18 archlinux systemd[700]: pam_unix(systemd-user:session): session opened for user leonid by (uid=0)
янв 06 11:57:18 archlinux systemd[700]: Reached target Timers.
янв 06 11:57:18 archlinux login[443]: LOGIN ON tty1 BY leonid
янв 06 11:57:18 archlinux systemd[700]: Reached target Paths.
янв 06 11:57:18 archlinux systemd[700]: Starting D-Bus User Message Bus Socket.
янв 06 11:57:18 archlinux systemd[700]: Listening on GnuPG cryptographic agent and passphrase cache.
янв 06 11:57:18 archlinux systemd[700]: Listening on GnuPG cryptographic agent and passphrase cache (restricted).
янв 06 11:57:18 archlinux systemd[700]: Listening on Sound System.
янв 06 11:57:18 archlinux systemd[700]: Listening on GnuPG cryptographic agent and passphrase cache (access for web browsers).
янв 06 11:57:18 archlinux systemd[700]: Listening on GnuPG cryptographic agent (ssh-agent emulation).
янв 06 11:57:18 archlinux systemd[700]: Listening on GnuPG network certificate management daemon.
янв 06 11:57:18 archlinux systemd[700]: Listening on D-Bus User Message Bus Socket.
янв 06 11:57:18 archlinux systemd[700]: Reached target Sockets.
янв 06 11:57:18 archlinux systemd[700]: Reached target Basic System.
янв 06 11:57:18 archlinux systemd[1]: Started User Manager for UID 1000.
янв 06 11:57:18 archlinux systemd[700]: Starting Update XDG user dir configuration...
янв 06 11:57:18 archlinux systemd[700]: Started Update XDG user dir configuration.
янв 06 11:57:18 archlinux systemd[700]: Reached target Default.
янв 06 11:57:18 archlinux systemd[700]: Startup finished in 367ms.
янв 06 11:57:22 archlinux kernel: resource sanity check: requesting [mem 0x000a0000-0x000fffff], which spans more than PCI Bus 0000:00 [mem 0x000a0000-0x000bffff window]
янв 06 11:57:22 archlinux kernel: caller _nv000788rm+0x165/0x1b0 [nvidia] mapping multiple BARs
янв 06 11:57:23 archlinux kernel: NVRM: Your system is not currently configured to drive a VGA console
янв 06 11:57:23 archlinux kernel: NVRM: on the primary VGA device. The NVIDIA Linux graphics driver
янв 06 11:57:23 archlinux kernel: NVRM: requires the use of a text-mode VGA console. Use of other console
янв 06 11:57:23 archlinux kernel: NVRM: drivers including, but not limited to, vesafb, may result in
янв 06 11:57:23 archlinux kernel: NVRM: corruption and stability problems, and is not supported.
янв 06 11:57:23 archlinux systemd[700]: Started D-Bus User Message Bus.
янв 06 11:57:31 archlinux dbus-daemon[747]: [session uid=1000 pid=747] Activating service name='org.freedesktop.Telepathy.AccountManager' requested by ':1.5' (uid=1000 pid=777 comm="kded5 [kdeinit5]                                  ")
янв 06 11:57:31 archlinux systemd[1]: Starting Disk Manager...
янв 06 11:57:31 archlinux dbus-daemon[417]: [system] Activating via systemd: service name='org.freedesktop.UDisks2' unit='udisks2.service' requested by ':1.7' (uid=1000 pid=777 comm="kded5 [kdeinit5]                                  ")
янв 06 11:57:32 archlinux udisksd[809]: udisks daemon version 2.7.5 starting
янв 06 11:57:32 archlinux dbus-daemon[417]: [system] Activating via systemd: service name='org.freedesktop.PolicyKit1' unit='polkit.service' requested by ':1.8' (uid=0 pid=809 comm="/usr/lib/udisks2/udisksd ")
янв 06 11:57:32 archlinux systemd[1]: Starting Authorization Manager...
янв 06 11:57:32 archlinux dbus-daemon[747]: [session uid=1000 pid=747] Activating service name='org.kde.kglobalaccel' requested by ':1.14' (uid=1000 pid=813 comm="/usr/bin/ksmserver ")
янв 06 11:57:32 archlinux dbus-daemon[747]: [session uid=1000 pid=747] Successfully activated service 'org.kde.kglobalaccel'
янв 06 11:57:32 archlinux dbus-daemon[747]: [session uid=1000 pid=747] Successfully activated service 'org.freedesktop.Telepathy.AccountManager'
янв 06 11:57:32 archlinux polkitd[821]: Started polkitd version 0.114
янв 06 11:57:33 archlinux dbus-daemon[747]: [session uid=1000 pid=747] Activating service name='org.freedesktop.Telepathy.Client.KTp.Approver' requested by ':1.12' (uid=1000 pid=804 comm="/usr/lib/telepathy/mission-control-5 ")
янв 06 11:57:33 archlinux dbus-daemon[747]: [session uid=1000 pid=747] Activating service name='org.freedesktop.Telepathy.Client.KTp.KdedIntegrationModule' requested by ':1.12' (uid=1000 pid=804 comm="/usr/lib/telepathy/mission-control-5 ")
янв 06 11:57:33 archlinux polkitd[821]: Loading rules from directory /etc/polkit-1/rules.d
янв 06 11:57:33 archlinux polkitd[821]: Loading rules from directory /usr/share/polkit-1/rules.d
янв 06 11:57:33 archlinux polkitd[821]: Finished loading, compiling and executing 2 rules
янв 06 11:57:33 archlinux dbus-daemon[417]: [system] Successfully activated service 'org.freedesktop.PolicyKit1'
янв 06 11:57:33 archlinux systemd[1]: Started Authorization Manager.
янв 06 11:57:33 archlinux systemd[700]: Starting Sound Service...
янв 06 11:57:34 archlinux dbus-daemon[417]: [system] Activating via systemd: service name='org.freedesktop.RealtimeKit1' unit='rtkit-daemon.service' requested by ':1.18' (uid=1000 pid=853 comm="/usr/bin/pulseaudio --daemonize=no ")
янв 06 11:57:34 archlinux systemd[1]: Starting RealtimeKit Scheduling Policy Service...
янв 06 11:57:34 archlinux dbus-daemon[417]: [system] Successfully activated service 'org.freedesktop.RealtimeKit1'
янв 06 11:57:34 archlinux systemd[1]: Started RealtimeKit Scheduling Policy Service.
янв 06 11:57:34 archlinux rtkit-daemon[874]: Successfully called chroot.
янв 06 11:57:34 archlinux rtkit-daemon[874]: Successfully dropped privileges.
янв 06 11:57:34 archlinux rtkit-daemon[874]: Successfully limited resources.
янв 06 11:57:34 archlinux rtkit-daemon[874]: Running.
янв 06 11:57:34 archlinux rtkit-daemon[874]: Canary thread running.
янв 06 11:57:34 archlinux rtkit-daemon[874]: Watchdog thread running.
янв 06 11:57:34 archlinux polkitd[821]: Acquired the name org.freedesktop.PolicyKit1 on the system bus
янв 06 11:57:34 archlinux rtkit-daemon[874]: Successfully made thread 853 of process 853 (/usr/bin/pulseaudio) owned by '1000' high priority at nice level -11.
янв 06 11:57:34 archlinux rtkit-daemon[874]: Supervising 1 threads of 1 processes of 1 users.
янв 06 11:57:34 archlinux polkitd[821]: Registered Authentication Agent for unix-session:c1 (system bus name :1.15 [/usr/lib/polkit-kde-authentication-agent-1], object path /org/kde/PolicyKit1/AuthenticationAgent, locale ru_RU.UTF-8)
янв 06 11:57:35 archlinux dbus-daemon[417]: [system] Successfully activated service 'org.freedesktop.UDisks2'
янв 06 11:57:35 archlinux systemd[1]: Started Disk Manager.
янв 06 11:57:35 archlinux udisksd[809]: Acquired the name org.freedesktop.UDisks2 on the system message bus
янв 06 11:57:35 archlinux dbus-daemon[417]: [system] Activating via systemd: service name='org.freedesktop.UPower' unit='upower.service' requested by ':1.14' (uid=1000 pid=840 comm="/usr/bin/baloo_file ")
